bodi@bodi:~$ cat > 'Домашние животные'
Собаки
Кошки
Хомяки
bodi@bodi:~$ cat > 'Вьючные животные'
Лошади
Верблюды 
Ослы
bodi@bodi:~$ ls
 docker-compose.yml.save   homework5   snap   Видео  'Вьючные животные'   Документы   Домашние  'Домашние животные'   Загрузки   Изображения   Музыка   Общедоступные  'Рабочий стол'   Шаблоны
bodi@bodi:~$ rm Домашние
bodi@bodi:~$ ls
 docker-compose.yml.save   homework5   snap   Видео  'Вьючные животные'   Документы  'Домашние животные'   Загрузки   Изображения   Музыка   Общедоступные  'Рабочий стол'   Шаблоны
bodi@bodi:~$ cat 'Домашние животные
> 
bash: неожиданный конец файла во время поиска «'»
bash: синтаксическая ошибка: неожиданный конец файла
bodi@bodi:~$ ls
 docker-compose.yml.save   homework5   snap   Видео  'Вьючные животные'   Документы  'Домашние животные'   Загрузки   Изображения   Музыка   Общедоступные  'Рабочий стол'   Шаблоны
bodi@bodi:~$ cat 'Домашние животные' 'Вьючные животные' > Животные
bodi@bodi:~$ ls
 docker-compose.yml.save   homework5   snap   Видео  'Вьючные животные'   Документы  'Домашние животные'   Животные   Загрузки   Изображения   Музыка   Общедоступные  'Рабочий стол'   Шаблоны
bodi@bodi:~$ cat Животные
Собаки
Кошки
Хомяки
Лошади
Верблюды
Ослы
bodi@bodi:~$ mv Животные 'Друзья человека'
bodi@bodi:~$ ls
 docker-compose.yml.save   homework5   snap   Видео  'Вьючные животные'   Документы  'Домашние животные'  'Друзья человека'   Загрузки   Изображения   Музыка   Общедоступные  'Рабочий стол'   Шаблоны
bodi@bodi:~$ cat Друзья человека
cat: Друзья: Нет такого файла или каталога
cat: человека: Нет такого файла или каталога
bodi@bodi:~$ cat 'Друзья человека'
Собаки
Кошки
Хомяки
Лошади
Верблюды
Ослы
bodi@bodi:~$ mkdir directory
bodi@bodi:~$ mv 'Друзья человека' directory
bodi@bodi:~$ ls
 directory   docker-compose.yml.save   homework5   snap   Видео  'Вьючные животные'   Документы  'Домашние животные'   Загрузки   Изображения   Музыка   Общедоступные  'Рабочий стол'   Шаблоны
bodi@bodi:~$ tree
Команда «tree» не найдена, но может быть установлена с помощью:
sudo snap install tree  # version 1.8.0+pkg-3fd6, or
sudo apt  install tree  # version 2.0.2-1
См. 'snap info tree', чтобы посмотреть дополнительные версии.
bodi@bodi:~$ ^C
bodi@bodi:~$ sudo apt install tree
[sudo] пароль для bodi: 
Чтение списков пакетов… Готово
Построение дерева зависимостей… Готово
Чтение информации о состоянии… Готово         
Следующие НОВЫЕ пакеты будут установлены:
  tree
Обновлено 0 пакетов, установлено 1 новых пакетов, для удаления отмечено 0 пакетов, и 28 пакетов не обновлено.
Необходимо скачать 47,9 kB архивов.
После данной операции объём занятого дискового пространства возрастёт на 116 kB.
Пол:1 http://ru.archive.ubuntu.com/ubuntu jammy/universe amd64 tree amd64 2.0.2-1 [47,9 kB]
Получено 47,9 kB за 0с (170 kB/s)
Выбор ранее не выбранного пакета tree.
(Чтение базы данных … на данный момент установлено 243413 файлов и каталогов.)
Подготовка к распаковке …/tree_2.0.2-1_amd64.deb …
Распаковывается tree (2.0.2-1) …
Настраивается пакет tree (2.0.2-1) …
Обрабатываются триггеры для man-db (2.10.2-1) …
bodi@bodi:~$ tree
.
├── directory
│   └── Друзья человека
├── docker-compose.yml.save
├── homework5
│   ├── docker-compose.yml
│   └── task2
│       └── docker-compose.yml
├── snap
│   ├── docker
│   │   ├── 2915
│   │   ├── common
│   │   └── current -> 2915
│   ├── firefox
│   │   ├── 3836
│   │   ├── common
│   │   └── current -> 3836
│   ├── snapd-desktop-integration
│   │   ├── 83
│   │   ├── common
│   │   └── current -> 83
│   └── snap-store
│       ├── 959
│       ├── common
│       └── current -> 959
├── Видео
├── Вьючные животные
├── Документы
├── Домашние животные
├── Загрузки
├── Изображения
│   └── Снимки экрана
│       └── Снимок экрана от 2024-03-23 23-34-18.png
├── Музыка
├── Общедоступные
├── Рабочий стол
└── Шаблоны

29 directories, 7 files
bodi@bodi:~$ wget https://dev.mysql.com/get/mysql-apt-config_0.8.29-
1_all.deb
--2024-04-25 23:39:38--  https://dev.mysql.com/get/mysql-apt-config_0.8.29-
Распознаётся dev.mysql.com (dev.mysql.com)… 23.211.74.232, 2a02:26f0:9500:98d::2e31, 2a02:26f0:9500:98f::2e31
Подключение к dev.mysql.com (dev.mysql.com)|23.211.74.232|:443... соединение установлено.
HTTP-запрос отправлен. Ожидание ответа… 404 Not Found
2024-04-25 23:39:38 ОШИБКА 404: Not Found.

1_all.deb: команда не найдена
bodi@bodi:~$ wget https://dev.mysql.com/get/mysql-apt-config_0.8.29-1_all.deb
--2024-04-25 23:40:14--  https://dev.mysql.com/get/mysql-apt-config_0.8.29-1_all.deb
Распознаётся dev.mysql.com (dev.mysql.com)… 23.211.74.232, 2001:2030:4f:a8::2e31, 2001:2030:4f:89::2e31
Подключение к dev.mysql.com (dev.mysql.com)|23.211.74.232|:443... соединение установлено.
HTTP-запрос отправлен. Ожидание ответа… 302 Moved Temporarily
Адрес: https://repo.mysql.com//mysql-apt-config_0.8.29-1_all.deb [переход]
--2024-04-25 23:40:14--  https://repo.mysql.com//mysql-apt-config_0.8.29-1_all.deb
Распознаётся repo.mysql.com (repo.mysql.com)… 23.46.121.197, 2a02:26f0:9500:10a6::1d68, 2a02:26f0:9500:10b6::1d68
Подключение к repo.mysql.com (repo.mysql.com)|23.46.121.197|:443... соединение установлено.
HTTP-запрос отправлен. Ожидание ответа… 200 OK
Длина: 18172 (18K) [application/x-debian-package]
Сохранение в: ‘mysql-apt-config_0.8.29-1_all.deb’

mysql-apt-config_0.8.29-1_all.deb                  100%[================================================================================================================>]  17,75K  --.-KB/s    за 0s      

2024-04-25 23:40:15 (51,8 MB/s) - ‘mysql-apt-config_0.8.29-1_all.deb’ сохранён [18172/18172]

bodi@bodi:~$ dpkg -i mysql-apt-config_0.8.12-1_all.deb
dpkg: ошибка: запрошенная операция требует привилегий суперпользователя
bodi@bodi:~$ sudo dpkg -i mysql-apt-config_0.8.12-1_all.deb
[sudo] пароль для bodi: 
dpkg: ошибка: нет доступа к архиву «mysql-apt-config_0.8.12-1_all.deb»: Нет такого файла или каталога
bodi@bodi:~$ dpkg -i mysql-apt-config_0.8.29-1_all.deb
dpkg: ошибка: запрошенная операция требует привилегий суперпользователя
bodi@bodi:~$ sudo dpkg -i mysql-apt-config_0.8.29-1_all.deb
Выбор ранее не выбранного пакета mysql-apt-config.
(Чтение базы данных … на данный момент установлен 243421 файл и каталог.)
Подготовка к распаковке mysql-apt-config_0.8.29-1_all.deb …
Распаковывается mysql-apt-config (0.8.29-1) …
Настраивается пакет mysql-apt-config (0.8.29-1) …
bodi@bodi:~$ sudo dpkg -i mysql-apt-config_0.8.29-1_all.deb
(Чтение базы данных … на данный момент установлено 243426 файлов и каталогов.)
Подготовка к распаковке mysql-apt-config_0.8.29-1_all.deb …
Распаковывается mysql-apt-config (0.8.29-1) на замену (0.8.29-1) …
Настраивается пакет mysql-apt-config (0.8.29-1) …
bodi@bodi:~$ sudo get apt update
sudo: get: команда не найдена
bodi@bodi:~$ sudo get-apt update
sudo: get-apt: команда не найдена
bodi@bodi:~$ sudo apt get update
E: Неверная операция get
bodi@bodi:~$ sudo apt-get update
Сущ:1 http://ru.archive.ubuntu.com/ubuntu jammy InRelease
Пол:2 http://repo.mysql.com/apt/ubuntu jammy InRelease [20,2 kB]                                       
Пол:3 http://ru.archive.ubuntu.com/ubuntu jammy-updates InRelease [119 kB]                                                                
Пол:4 http://security.ubuntu.com/ubuntu jammy-security InRelease [110 kB]                              
Сущ:5 http://ru.archive.ubuntu.com/ubuntu jammy-backports InRelease        
Пол:6 http://repo.mysql.com/apt/ubuntu jammy/mysql-8.0 Sources [964 B]     
Пол:7 http://repo.mysql.com/apt/ubuntu jammy/mysql-apt-config amd64 Packages [566 B]             
Пол:8 http://repo.mysql.com/apt/ubuntu jammy/mysql-apt-config i386 Packages [566 B]              
Пол:9 http://repo.mysql.com/apt/ubuntu jammy/mysql-8.0 amd64 Packages [14,6 kB]
Пол:10 http://repo.mysql.com/apt/ubuntu jammy/mysql-tools i386 Packages [458 B]
Пол:11 http://repo.mysql.com/apt/ubuntu jammy/mysql-tools amd64 Packages [4 123 B]
Получено 271 kB за 1с (200 kB/s)           
Чтение списков пакетов… Готово
bodi@bodi:~$ sudo apt-get install mysql-server
Чтение списков пакетов… Готово
Построение дерева зависимостей… Готово
Чтение информации о состоянии… Готово         
Будут установлены следующие дополнительные пакеты:
  libaio1 libmecab2 mecab-ipadic mecab-ipadic-utf8 mecab-utils mysql-client mysql-common mysql-community-client mysql-community-client-core mysql-community-client-plugins mysql-community-server
  mysql-community-server-core
Следующие НОВЫЕ пакеты будут установлены:
  libaio1 libmecab2 mecab-ipadic mecab-ipadic-utf8 mecab-utils mysql-client mysql-common mysql-community-client mysql-community-client-core mysql-community-client-plugins mysql-community-server
  mysql-community-server-core mysql-server
Обновлено 0 пакетов, установлено 13 новых пакетов, для удаления отмечено 0 пакетов, и 28 пакетов не обновлено.
Необходимо скачать 37,9 MB архивов.
После данной операции объём занятого дискового пространства возрастёт на 273 MB.
Хотите продолжить? [Д/н] y
Пол:1 http://ru.archive.ubuntu.com/ubuntu jammy/main amd64 libaio1 amd64 0.3.112-13build1 [7 176 B]
Пол:2 http://ru.archive.ubuntu.com/ubuntu jammy/main amd64 libmecab2 amd64 0.996-14build9 [199 kB]
Пол:3 http://repo.mysql.com/apt/ubuntu jammy/mysql-8.0 amd64 mysql-common amd64 8.0.36-1ubuntu22.04 [67,9 kB]
Пол:4 http://ru.archive.ubuntu.com/ubuntu jammy/main amd64 mecab-utils amd64 0.996-14build9 [4 850 B]
Пол:5 http://ru.archive.ubuntu.com/ubuntu jammy/main amd64 mecab-ipadic all 2.7.0-20070801+main-3 [6 718 kB]
Пол:6 http://repo.mysql.com/apt/ubuntu jammy/mysql-8.0 amd64 mysql-community-client-plugins amd64 8.0.36-1ubuntu22.04 [1 443 kB]
Пол:7 http://repo.mysql.com/apt/ubuntu jammy/mysql-8.0 amd64 mysql-community-client-core amd64 8.0.36-1ubuntu22.04 [2 126 kB]
Пол:8 http://repo.mysql.com/apt/ubuntu jammy/mysql-8.0 amd64 mysql-community-client amd64 8.0.36-1ubuntu22.04 [2 199 kB]
Пол:9 http://ru.archive.ubuntu.com/ubuntu jammy/main amd64 mecab-ipadic-utf8 all 2.7.0-20070801+main-3 [4 384 B]
Пол:10 http://repo.mysql.com/apt/ubuntu jammy/mysql-8.0 amd64 mysql-client amd64 8.0.36-1ubuntu22.04 [66,6 kB]
Пол:11 http://repo.mysql.com/apt/ubuntu jammy/mysql-8.0 amd64 mysql-community-server-core amd64 8.0.36-1ubuntu22.04 [24,9 MB]
Пол:12 http://repo.mysql.com/apt/ubuntu jammy/mysql-8.0 amd64 mysql-community-server amd64 8.0.36-1ubuntu22.04 [78,4 kB]
Пол:13 http://repo.mysql.com/apt/ubuntu jammy/mysql-8.0 amd64 mysql-server amd64 8.0.36-1ubuntu22.04 [66,6 kB]
Получено 37,9 MB за 2с (22,7 MB/s)         
Предварительная настройка пакетов …
Выбор ранее не выбранного пакета mysql-common.
(Чтение базы данных … на данный момент установлено 243426 файлов и каталогов.)
Подготовка к распаковке …/00-mysql-common_8.0.36-1ubuntu22.04_amd64.deb …
Распаковывается mysql-common (8.0.36-1ubuntu22.04) …
Выбор ранее не выбранного пакета mysql-community-client-plugins.
Подготовка к распаковке …/01-mysql-community-client-plugins_8.0.36-1ubuntu22.04_amd64.deb …
Распаковывается mysql-community-client-plugins (8.0.36-1ubuntu22.04) …
Выбор ранее не выбранного пакета mysql-community-client-core.
Подготовка к распаковке …/02-mysql-community-client-core_8.0.36-1ubuntu22.04_amd64.deb …
Распаковывается mysql-community-client-core (8.0.36-1ubuntu22.04) …
Выбор ранее не выбранного пакета mysql-community-client.
Подготовка к распаковке …/03-mysql-community-client_8.0.36-1ubuntu22.04_amd64.deb …
Распаковывается mysql-community-client (8.0.36-1ubuntu22.04) …
Выбор ранее не выбранного пакета mysql-client.
Подготовка к распаковке …/04-mysql-client_8.0.36-1ubuntu22.04_amd64.deb …
Распаковывается mysql-client (8.0.36-1ubuntu22.04) …
Выбор ранее не выбранного пакета libaio1:amd64.
Подготовка к распаковке …/05-libaio1_0.3.112-13build1_amd64.deb …
Распаковывается libaio1:amd64 (0.3.112-13build1) …
Выбор ранее не выбранного пакета libmecab2:amd64.
Подготовка к распаковке …/06-libmecab2_0.996-14build9_amd64.deb …
Распаковывается libmecab2:amd64 (0.996-14build9) …
Выбор ранее не выбранного пакета mysql-community-server-core.
Подготовка к распаковке …/07-mysql-community-server-core_8.0.36-1ubuntu22.04_amd64.deb …
Распаковывается mysql-community-server-core (8.0.36-1ubuntu22.04) …
Выбор ранее не выбранного пакета mysql-community-server.
Подготовка к распаковке …/08-mysql-community-server_8.0.36-1ubuntu22.04_amd64.deb …
Распаковывается mysql-community-server (8.0.36-1ubuntu22.04) …
Выбор ранее не выбранного пакета mecab-utils.
Подготовка к распаковке …/09-mecab-utils_0.996-14build9_amd64.deb …
Распаковывается mecab-utils (0.996-14build9) …
Выбор ранее не выбранного пакета mecab-ipadic.
Подготовка к распаковке …/10-mecab-ipadic_2.7.0-20070801+main-3_all.deb …
Распаковывается mecab-ipadic (2.7.0-20070801+main-3) …
Выбор ранее не выбранного пакета mecab-ipadic-utf8.
Подготовка к распаковке …/11-mecab-ipadic-utf8_2.7.0-20070801+main-3_all.deb …
Распаковывается mecab-ipadic-utf8 (2.7.0-20070801+main-3) …
Выбор ранее не выбранного пакета mysql-server.
Подготовка к распаковке …/12-mysql-server_8.0.36-1ubuntu22.04_amd64.deb …
Распаковывается mysql-server (8.0.36-1ubuntu22.04) …
Настраивается пакет libmecab2:amd64 (0.996-14build9) …
Настраивается пакет mysql-common (8.0.36-1ubuntu22.04) …
update-alternatives: используется /etc/mysql/my.cnf.fallback для предоставления /etc/mysql/my.cnf (my.cnf) в автоматическом режиме
Настраивается пакет mecab-utils (0.996-14build9) …
Настраивается пакет mysql-community-client-plugins (8.0.36-1ubuntu22.04) …
Настраивается пакет libaio1:amd64 (0.3.112-13build1) …
Настраивается пакет mecab-ipadic (2.7.0-20070801+main-3) …
Compiling IPA dictionary for Mecab.  This takes long time...
reading /usr/share/mecab/dic/ipadic/unk.def ... 40
emitting double-array: 100% |###########################################| 
/usr/share/mecab/dic/ipadic/model.def is not found. skipped.
reading /usr/share/mecab/dic/ipadic/Noun.number.csv ... 42
reading /usr/share/mecab/dic/ipadic/Noun.csv ... 60477
reading /usr/share/mecab/dic/ipadic/Noun.org.csv ... 16668
reading /usr/share/mecab/dic/ipadic/Others.csv ... 2
reading /usr/share/mecab/dic/ipadic/Auxil.csv ... 199
reading /usr/share/mecab/dic/ipadic/Adverb.csv ... 3032
reading /usr/share/mecab/dic/ipadic/Prefix.csv ... 221
reading /usr/share/mecab/dic/ipadic/Noun.nai.csv ... 42
reading /usr/share/mecab/dic/ipadic/Verb.csv ... 130750
reading /usr/share/mecab/dic/ipadic/Noun.proper.csv ... 27328
reading /usr/share/mecab/dic/ipadic/Suffix.csv ... 1393
reading /usr/share/mecab/dic/ipadic/Postp-col.csv ... 91
reading /usr/share/mecab/dic/ipadic/Filler.csv ... 19
reading /usr/share/mecab/dic/ipadic/Noun.demonst.csv ... 120
reading /usr/share/mecab/dic/ipadic/Noun.verbal.csv ... 12146
reading /usr/share/mecab/dic/ipadic/Noun.place.csv ... 72999
reading /usr/share/mecab/dic/ipadic/Adj.csv ... 27210
reading /usr/share/mecab/dic/ipadic/Conjunction.csv ... 171
reading /usr/share/mecab/dic/ipadic/Adnominal.csv ... 135
reading /usr/share/mecab/dic/ipadic/Postp.csv ... 146
reading /usr/share/mecab/dic/ipadic/Noun.name.csv ... 34202
reading /usr/share/mecab/dic/ipadic/Noun.others.csv ... 151
reading /usr/share/mecab/dic/ipadic/Symbol.csv ... 208
reading /usr/share/mecab/dic/ipadic/Noun.adverbal.csv ... 795
reading /usr/share/mecab/dic/ipadic/Interjection.csv ... 252
reading /usr/share/mecab/dic/ipadic/Noun.adjv.csv ... 3328
emitting double-array: 100% |###########################################| 
reading /usr/share/mecab/dic/ipadic/matrix.def ... 1316x1316
emitting matrix      : 100% |###########################################| 

done!
update-alternatives: используется /var/lib/mecab/dic/ipadic для предоставления /var/lib/mecab/dic/debian (mecab-dictionary) в автоматическом режиме
Настраивается пакет mysql-community-client-core (8.0.36-1ubuntu22.04) …
Настраивается пакет mysql-community-server-core (8.0.36-1ubuntu22.04) …
Настраивается пакет mecab-ipadic-utf8 (2.7.0-20070801+main-3) …
Compiling IPA dictionary for Mecab.  This takes long time...
reading /usr/share/mecab/dic/ipadic/unk.def ... 40
emitting double-array: 100% |###########################################| 
/usr/share/mecab/dic/ipadic/model.def is not found. skipped.
reading /usr/share/mecab/dic/ipadic/Noun.number.csv ... 42
reading /usr/share/mecab/dic/ipadic/Noun.csv ... 60477
reading /usr/share/mecab/dic/ipadic/Noun.org.csv ... 16668
reading /usr/share/mecab/dic/ipadic/Others.csv ... 2
reading /usr/share/mecab/dic/ipadic/Auxil.csv ... 199
reading /usr/share/mecab/dic/ipadic/Adverb.csv ... 3032
reading /usr/share/mecab/dic/ipadic/Prefix.csv ... 221
reading /usr/share/mecab/dic/ipadic/Noun.nai.csv ... 42
reading /usr/share/mecab/dic/ipadic/Verb.csv ... 130750
reading /usr/share/mecab/dic/ipadic/Noun.proper.csv ... 27328
reading /usr/share/mecab/dic/ipadic/Suffix.csv ... 1393
reading /usr/share/mecab/dic/ipadic/Postp-col.csv ... 91
reading /usr/share/mecab/dic/ipadic/Filler.csv ... 19
reading /usr/share/mecab/dic/ipadic/Noun.demonst.csv ... 120
reading /usr/share/mecab/dic/ipadic/Noun.verbal.csv ... 12146
reading /usr/share/mecab/dic/ipadic/Noun.place.csv ... 72999
reading /usr/share/mecab/dic/ipadic/Adj.csv ... 27210
reading /usr/share/mecab/dic/ipadic/Conjunction.csv ... 171
reading /usr/share/mecab/dic/ipadic/Adnominal.csv ... 135
reading /usr/share/mecab/dic/ipadic/Postp.csv ... 146
reading /usr/share/mecab/dic/ipadic/Noun.name.csv ... 34202
reading /usr/share/mecab/dic/ipadic/Noun.others.csv ... 151
reading /usr/share/mecab/dic/ipadic/Symbol.csv ... 208
reading /usr/share/mecab/dic/ipadic/Noun.adverbal.csv ... 795
reading /usr/share/mecab/dic/ipadic/Interjection.csv ... 252
reading /usr/share/mecab/dic/ipadic/Noun.adjv.csv ... 3328
emitting double-array: 100% |###########################################| 
reading /usr/share/mecab/dic/ipadic/matrix.def ... 1316x1316
emitting matrix      : 100% |###########################################| 

done!
update-alternatives: используется /var/lib/mecab/dic/ipadic-utf8 для предоставления /var/lib/mecab/dic/debian (mecab-dictionary) в автоматическом режиме
Настраивается пакет mysql-community-client (8.0.36-1ubuntu22.04) …
Настраивается пакет mysql-client (8.0.36-1ubuntu22.04) …
Настраивается пакет mysql-community-server (8.0.36-1ubuntu22.04) …
update-alternatives: используется /etc/mysql/mysql.cnf для предоставления /etc/mysql/my.cnf (my.cnf) в автоматическом режиме
dpkg: ошибка при обработке пакета mysql-community-server (--configure):
 подпроцесс из пакета mysql-community-server установлен сценарий post-installation возвратил код ошибки 1
dpkg: зависимости пакетов не позволяют настроить пакет mysql-server:
 mysql-server зависит от mysql-community-server (= 8.0.36-1ubuntu22.04), однако:
  Пакет mysql-community-server пока не настроен.

dpkg: ошибка при обработке пакета mysql-server (--configure):
 проблемы зависимостей — оставляем не настроенным
Обрабатываются триггеры для man-db (2.10.2-1) …
Отчёт apport не записан, так как сообщение об ошибке указывает на повторную ошибку от предыдущего отказа.
                                                                                                         Обрабатываются триггеры для libc-bin (2.35-0ubuntu3.7) …
При обработке следующих пакетов произошли ошибки:
 mysql-community-server
 mysql-server
E: Sub-process /usr/bin/dpkg returned an error code (1)
bodi@bodi:~$ systemctl status mysql
○ mysql.service - MySQL Community Server
     Loaded: loaded (/lib/systemd/system/mysql.service; disabled; vendor preset: enabled)
     Active: inactive (dead)
       Docs: man:mysqld(8)
             http://dev.mysql.com/doc/refman/en/using-systemd.html
bodi@bodi:~$ sudo apt-get install mysql-server
Чтение списков пакетов… Готово
Построение дерева зависимостей… Готово
Чтение информации о состоянии… Готово         
Уже установлен пакет mysql-server самой новой версии (8.0.36-1ubuntu22.04).
Обновлено 0 пакетов, установлено 0 новых пакетов, для удаления отмечено 0 пакетов, и 28 пакетов не обновлено.
Установлено или удалено не до конца 2 пакетов.
После данной операции объём занятого дискового пространства возрастёт на 0 B.
Хотите продолжить? [Д/н] y
Настраивается пакет mysql-community-server (8.0.36-1ubuntu22.04) …
Created symlink /etc/systemd/system/multi-user.target.wants/mysql.service → /lib/systemd/system/mysql.service.
Could not execute systemctl:  at /usr/bin/deb-systemd-invoke line 142.
Could not execute systemctl:  at /usr/bin/deb-systemd-invoke line 142.
Настраивается пакет mysql-server (8.0.36-1ubuntu22.04) …
bodi@bodi:~$ systemctl status mysql
× mysql.service - MySQL Community Server
     Loaded: loaded (/lib/systemd/system/mysql.service; enabled; vendor preset: enabled)
     Active: failed (Result: exit-code) since Thu 2024-04-25 23:47:15 EET; 5s ago
       Docs: man:mysqld(8)
             http://dev.mysql.com/doc/refman/en/using-systemd.html
    Process: 39269 ExecStartPre=/usr/share/mysql-8.0/mysql-systemd-start pre (code=exited, status=0/SUCCESS)
    Process: 39308 ExecStart=/usr/sbin/mysqld (code=exited, status=1/FAILURE)
   Main PID: 39308 (code=exited, status=1/FAILURE)
     Status: "Server shutdown complete"
      Error: 98 (Адрес уже используется)
        CPU: 650ms
bodi@bodi:~$ sudo apt-get install mysql-server
Чтение списков пакетов… Готово
Построение дерева зависимостей… Готово
Чтение информации о состоянии… Готово         
Уже установлен пакет mysql-server самой новой версии (8.0.36-1ubuntu22.04).
Обновлено 0 пакетов, установлено 0 новых пакетов, для удаления отмечено 0 пакетов, и 28 пакетов не обновлено.
bodi@bodi:~$ systemctl status mysql
× mysql.service - MySQL Community Server
     Loaded: loaded (/lib/systemd/system/mysql.service; enabled; vendor preset: enabled)
     Active: failed (Result: exit-code) since Thu 2024-04-25 23:47:15 EET; 20s ago
       Docs: man:mysqld(8)
             http://dev.mysql.com/doc/refman/en/using-systemd.html
    Process: 39269 ExecStartPre=/usr/share/mysql-8.0/mysql-systemd-start pre (code=exited, status=0/SUCCESS)
    Process: 39308 ExecStart=/usr/sbin/mysqld (code=exited, status=1/FAILURE)
   Main PID: 39308 (code=exited, status=1/FAILURE)
     Status: "Server shutdown complete"
      Error: 98 (Адрес уже используется)
        CPU: 650ms
bodi@bodi:~$ mysql --version
mysql  Ver 8.0.36 for Linux on x86_64 (MySQL Community Server - GPL)
bodi@bodi:~$ sudo mysql
ERROR 2002 (HY000): Can't connect to local MySQL server through socket '/var/run/mysqld/mysqld.sock' (2)
bodi@bodi:~$ sudo systemctl start mysql
Job for mysql.service failed because the control process exited with error code.
See "systemctl status mysql.service" and "journalctl -xeu mysql.service" for details.
bodi@bodi:~$ ^C
bodi@bodi:~$ cat systemctl status mysql.service
cat: systemctl: Нет такого файла или каталога
cat: status: Нет такого файла или каталога
cat: mysql.service: Нет такого файла или каталога
bodi@bodi:~$ cat 'systemctl status mysql.service'
cat: 'systemctl status mysql.service': Нет такого файла или каталога
bodi@bodi:~$ sudo apt install ufw
Чтение списков пакетов… Готово
Построение дерева зависимостей… Готово
Чтение информации о состоянии… Готово         
Уже установлен пакет ufw самой новой версии (0.36.1-4ubuntu0.1).
ufw помечен как установленный вручную.
Обновлено 0 пакетов, установлено 0 новых пакетов, для удаления отмечено 0 пакетов, и 28 пакетов не обновлено.
bodi@bodi:~$ sudo ufw app list
Доступные приложения:
  CUPS
bodi@bodi:~$ sudo ufw allow OpenSSH
ERROR: Не найдено профилей соответствующих «OpenSSH»
bodi@bodi:~$ sudo apt update
Сущ:1 http://repo.mysql.com/apt/ubuntu jammy InRelease
Сущ:2 http://ru.archive.ubuntu.com/ubuntu jammy InRelease                                              
Пол:3 http://ru.archive.ubuntu.com/ubuntu jammy-updates InRelease [119 kB]                             
Сущ:4 http://ru.archive.ubuntu.com/ubuntu jammy-backports InRelease                                    
Сущ:5 http://security.ubuntu.com/ubuntu jammy-security InRelease
Получено 119 kB за 1с (184 kB/s)          
Чтение списков пакетов… Готово
Построение дерева зависимостей… Готово
Чтение информации о состоянии… Готово         
Может быть обновлено 28 пакетов. Запустите «apt list --upgradable» для их показа.
bodi@bodi:~$ sudo apt upgrade
Чтение списков пакетов… Готово
Построение дерева зависимостей… Готово
Чтение информации о состоянии… Готово         
Расчёт обновлений… Готово
Следующие пакеты будут оставлены в неизменном виде:
  python3-update-manager update-manager update-manager-core
Следующие пакеты будут обновлены:
  apt apt-utils coreutils ethtool firmware-sof-signed gir1.2-mutter-10 libapt-pkg6.0 libmutter-10-0 libpulse-mainloop-glib0 libpulse0 libpulsedsp libsmbclient libwbclient0 mutter-common openssh-client
  pulseaudio pulseaudio-module-bluetooth pulseaudio-utils samba-libs snapd ubuntu-advantage-tools ubuntu-pro-client ubuntu-pro-client-l10n update-notifier update-notifier-common
Обновлено 25 пакетов, установлено 0 новых пакетов, для удаления отмечено 0 пакетов, и 3 пакетов не обновлено.
Необходимо скачать 41,1 MB архивов.
После данной операции объём занятого дискового пространства уменьшится на 1 269 kB.
Хотите продолжить? [Д/н] y
Пол:1 http://ru.archive.ubuntu.com/ubuntu jammy-updates/main amd64 coreutils amd64 8.32-4.1ubuntu1.2 [1 437 kB]
Пол:2 http://ru.archive.ubuntu.com/ubuntu jammy-updates/main amd64 libapt-pkg6.0 amd64 2.4.12 [912 kB]
Пол:3 http://ru.archive.ubuntu.com/ubuntu jammy-updates/main amd64 apt amd64 2.4.12 [1 363 kB]
Пол:4 http://ru.archive.ubuntu.com/ubuntu jammy-updates/main amd64 apt-utils amd64 2.4.12 [211 kB]
Пол:5 http://ru.archive.ubuntu.com/ubuntu jammy-updates/main amd64 libsmbclient amd64 2:4.15.13+dfsg-0ubuntu1.6 [65,9 kB]
Пол:6 http://ru.archive.ubuntu.com/ubuntu jammy-updates/main amd64 libwbclient0 amd64 2:4.15.13+dfsg-0ubuntu1.6 [266 kB]
Пол:7 http://ru.archive.ubuntu.com/ubuntu jammy-updates/main amd64 samba-libs amd64 2:4.15.13+dfsg-0ubuntu1.6 [6 276 kB]
Пол:8 http://ru.archive.ubuntu.com/ubuntu jammy-updates/main amd64 libpulse-mainloop-glib0 amd64 1:15.99.1+dfsg1-1ubuntu2.2 [12,4 kB]
Пол:9 http://ru.archive.ubuntu.com/ubuntu jammy-updates/main amd64 libpulsedsp amd64 1:15.99.1+dfsg1-1ubuntu2.2 [23,3 kB]
Пол:10 http://ru.archive.ubuntu.com/ubuntu jammy-updates/main amd64 pulseaudio-utils amd64 1:15.99.1+dfsg1-1ubuntu2.2 [76,1 kB]
Пол:11 http://ru.archive.ubuntu.com/ubuntu jammy-updates/main amd64 pulseaudio-module-bluetooth amd64 1:15.99.1+dfsg1-1ubuntu2.2 [99,6 kB]
Пол:12 http://ru.archive.ubuntu.com/ubuntu jammy-updates/main amd64 pulseaudio amd64 1:15.99.1+dfsg1-1ubuntu2.2 [914 kB]
Пол:13 http://ru.archive.ubuntu.com/ubuntu jammy-updates/main amd64 libpulse0 amd64 1:15.99.1+dfsg1-1ubuntu2.2 [298 kB]
Пол:14 http://ru.archive.ubuntu.com/ubuntu jammy-updates/main amd64 update-notifier amd64 3.192.54.8 [62,3 kB]
Пол:15 http://ru.archive.ubuntu.com/ubuntu jammy-updates/main amd64 update-notifier-common all 3.192.54.8 [185 kB]
Пол:16 http://ru.archive.ubuntu.com/ubuntu jammy-updates/main amd64 ubuntu-pro-client-l10n amd64 31.2.2~22.04 [20,3 kB]
Пол:17 http://ru.archive.ubuntu.com/ubuntu jammy-updates/main amd64 ubuntu-pro-client amd64 31.2.2~22.04 [197 kB]
Пол:18 http://ru.archive.ubuntu.com/ubuntu jammy-updates/main amd64 ubuntu-advantage-tools all 31.2.2~22.04 [10,8 kB]
Пол:19 http://ru.archive.ubuntu.com/ubuntu jammy-updates/main amd64 openssh-client amd64 1:8.9p1-3ubuntu0.7 [906 kB]
Пол:20 http://ru.archive.ubuntu.com/ubuntu jammy-updates/main amd64 ethtool amd64 1:5.16-1ubuntu0.1 [207 kB]
Пол:21 http://ru.archive.ubuntu.com/ubuntu jammy-updates/restricted amd64 firmware-sof-signed all 2.0-1ubuntu4.7 [1 270 kB]
Пол:22 http://ru.archive.ubuntu.com/ubuntu jammy-updates/main amd64 mutter-common all 42.9-0ubuntu7 [13,3 kB]
Пол:23 http://ru.archive.ubuntu.com/ubuntu jammy-updates/main amd64 gir1.2-mutter-10 amd64 42.9-0ubuntu7 [132 kB]
Пол:24 http://ru.archive.ubuntu.com/ubuntu jammy-updates/main amd64 libmutter-10-0 amd64 42.9-0ubuntu7 [1 379 kB]
Пол:25 http://ru.archive.ubuntu.com/ubuntu jammy-updates/main amd64 snapd amd64 2.61.3+22.04 [24,7 MB]
Получено 41,1 MB за 5с (7 896 kB/s)        
Предварительная настройка пакетов …
(Чтение базы данных … на данный момент установлено 243786 файлов и каталогов.)
Подготовка к распаковке …/coreutils_8.32-4.1ubuntu1.2_amd64.deb …
Распаковывается coreutils (8.32-4.1ubuntu1.2) на замену (8.32-4.1ubuntu1.1) …
Настраивается пакет coreutils (8.32-4.1ubuntu1.2) …
(Чтение базы данных … на данный момент установлено 243786 файлов и каталогов.)
Подготовка к распаковке …/libapt-pkg6.0_2.4.12_amd64.deb …
Распаковывается libapt-pkg6.0:amd64 (2.4.12) на замену (2.4.11) …
Настраивается пакет libapt-pkg6.0:amd64 (2.4.12) …
(Чтение базы данных … на данный момент установлено 243786 файлов и каталогов.)
Подготовка к распаковке …/archives/apt_2.4.12_amd64.deb …
Распаковывается apt (2.4.12) на замену (2.4.11) …
Настраивается пакет apt (2.4.12) …
(Чтение базы данных … на данный момент установлено 243786 файлов и каталогов.)
Подготовка к распаковке …/00-apt-utils_2.4.12_amd64.deb …
Распаковывается apt-utils (2.4.12) на замену (2.4.11) …
Подготовка к распаковке …/01-libsmbclient_2%3a4.15.13+dfsg-0ubuntu1.6_amd64.deb …
Распаковывается libsmbclient:amd64 (2:4.15.13+dfsg-0ubuntu1.6) на замену (2:4.15.13+dfsg-0ubuntu1.5) …
Подготовка к распаковке …/02-libwbclient0_2%3a4.15.13+dfsg-0ubuntu1.6_amd64.deb …
Распаковывается libwbclient0:amd64 (2:4.15.13+dfsg-0ubuntu1.6) на замену (2:4.15.13+dfsg-0ubuntu1.5) …
Подготовка к распаковке …/03-samba-libs_2%3a4.15.13+dfsg-0ubuntu1.6_amd64.deb …
Распаковывается samba-libs:amd64 (2:4.15.13+dfsg-0ubuntu1.6) на замену (2:4.15.13+dfsg-0ubuntu1.5) …
Подготовка к распаковке …/04-libpulse-mainloop-glib0_1%3a15.99.1+dfsg1-1ubuntu2.2_amd64.deb …
Распаковывается libpulse-mainloop-glib0:amd64 (1:15.99.1+dfsg1-1ubuntu2.2) на замену (1:15.99.1+dfsg1-1ubuntu2.1) …
Подготовка к распаковке …/05-libpulsedsp_1%3a15.99.1+dfsg1-1ubuntu2.2_amd64.deb …
Распаковывается libpulsedsp:amd64 (1:15.99.1+dfsg1-1ubuntu2.2) на замену (1:15.99.1+dfsg1-1ubuntu2.1) …
Подготовка к распаковке …/06-pulseaudio-utils_1%3a15.99.1+dfsg1-1ubuntu2.2_amd64.deb …
Распаковывается pulseaudio-utils (1:15.99.1+dfsg1-1ubuntu2.2) на замену (1:15.99.1+dfsg1-1ubuntu2.1) …
Подготовка к распаковке …/07-pulseaudio-module-bluetooth_1%3a15.99.1+dfsg1-1ubuntu2.2_amd64.deb …
Распаковывается pulseaudio-module-bluetooth (1:15.99.1+dfsg1-1ubuntu2.2) на замену (1:15.99.1+dfsg1-1ubuntu2.1) …
Подготовка к распаковке …/08-pulseaudio_1%3a15.99.1+dfsg1-1ubuntu2.2_amd64.deb …
Распаковывается pulseaudio (1:15.99.1+dfsg1-1ubuntu2.2) на замену (1:15.99.1+dfsg1-1ubuntu2.1) …
Подготовка к распаковке …/09-libpulse0_1%3a15.99.1+dfsg1-1ubuntu2.2_amd64.deb …
Распаковывается libpulse0:amd64 (1:15.99.1+dfsg1-1ubuntu2.2) на замену (1:15.99.1+dfsg1-1ubuntu2.1) …
Подготовка к распаковке …/10-update-notifier_3.192.54.8_amd64.deb …
Распаковывается update-notifier (3.192.54.8) на замену (3.192.54.6) …
Подготовка к распаковке …/11-update-notifier-common_3.192.54.8_all.deb …
Распаковывается update-notifier-common (3.192.54.8) на замену (3.192.54.6) …
Подготовка к распаковке …/12-ubuntu-pro-client-l10n_31.2.2~22.04_amd64.deb …
Распаковывается ubuntu-pro-client-l10n (31.2.2~22.04) на замену (31.2~22.04) …
Подготовка к распаковке …/13-ubuntu-pro-client_31.2.2~22.04_amd64.deb …
Распаковывается ubuntu-pro-client (31.2.2~22.04) на замену (31.2~22.04) …
Подготовка к распаковке …/14-ubuntu-advantage-tools_31.2.2~22.04_all.deb …
Распаковывается ubuntu-advantage-tools (31.2.2~22.04) на замену (31.2~22.04) …
Подготовка к распаковке …/15-openssh-client_1%3a8.9p1-3ubuntu0.7_amd64.deb …
Распаковывается openssh-client (1:8.9p1-3ubuntu0.7) на замену (1:8.9p1-3ubuntu0.6) …
Подготовка к распаковке …/16-ethtool_1%3a5.16-1ubuntu0.1_amd64.deb …
Распаковывается ethtool (1:5.16-1ubuntu0.1) на замену (1:5.16-1) …
Подготовка к распаковке …/17-firmware-sof-signed_2.0-1ubuntu4.7_all.deb …
Распаковывается firmware-sof-signed (2.0-1ubuntu4.7) на замену (2.0-1ubuntu4.5) …
Подготовка к распаковке …/18-mutter-common_42.9-0ubuntu7_all.deb …
Распаковывается mutter-common (42.9-0ubuntu7) на замену (42.9-0ubuntu5) …
Подготовка к распаковке …/19-gir1.2-mutter-10_42.9-0ubuntu7_amd64.deb …
Распаковывается gir1.2-mutter-10:amd64 (42.9-0ubuntu7) на замену (42.9-0ubuntu5) …
Подготовка к распаковке …/20-libmutter-10-0_42.9-0ubuntu7_amd64.deb …
Распаковывается libmutter-10-0:amd64 (42.9-0ubuntu7) на замену (42.9-0ubuntu5) …
Подготовка к распаковке …/21-snapd_2.61.3+22.04_amd64.deb …
Распаковывается snapd (2.61.3+22.04) на замену (2.58+22.04.1) …
Настраивается пакет apt-utils (2.4.12) …
Настраивается пакет libpulse0:amd64 (1:15.99.1+dfsg1-1ubuntu2.2) …
Настраивается пакет openssh-client (1:8.9p1-3ubuntu0.7) …
Настраивается пакет update-notifier-common (3.192.54.8) …
update-notifier-download.service is a disabled or a static unit not running, not starting it.
update-notifier-motd.service is a disabled or a static unit not running, not starting it.
Настраивается пакет firmware-sof-signed (2.0-1ubuntu4.7) …
Настраивается пакет libpulsedsp:amd64 (1:15.99.1+dfsg1-1ubuntu2.2) …
Настраивается пакет libwbclient0:amd64 (2:4.15.13+dfsg-0ubuntu1.6) …
Настраивается пакет mutter-common (42.9-0ubuntu7) …
Настраивается пакет libpulse-mainloop-glib0:amd64 (1:15.99.1+dfsg1-1ubuntu2.2) …
Настраивается пакет pulseaudio-utils (1:15.99.1+dfsg1-1ubuntu2.2) …
Настраивается пакет update-notifier (3.192.54.8) …
Настраивается пакет ubuntu-pro-client (31.2.2~22.04) …
Настраивается пакет ethtool (1:5.16-1ubuntu0.1) …
Настраивается пакет ubuntu-pro-client-l10n (31.2.2~22.04) …
Настраивается пакет snapd (2.61.3+22.04) …
Устанавливается новая версия файла настройки /etc/apparmor.d/usr.lib.snapd.snap-confine.real …
snapd.failure.service is a disabled or a static unit not running, not starting it.
snapd.snap-repair.service is a disabled or a static unit not running, not starting it.
Failed to restart snapd.mounts-pre.target: Operation refused, unit snapd.mounts-pre.target may be requested by dependency only (it is configured to refuse manual start/stop).
See system logs and 'systemctl status snapd.mounts-pre.target' for details.
Could not execute systemctl:  at /usr/bin/deb-systemd-invoke line 142.
Настраивается пакет samba-libs:amd64 (2:4.15.13+dfsg-0ubuntu1.6) …
Настраивается пакет pulseaudio (1:15.99.1+dfsg1-1ubuntu2.2) …
Настраивается пакет pulseaudio-module-bluetooth (1:15.99.1+dfsg1-1ubuntu2.2) …
Настраивается пакет libsmbclient:amd64 (2:4.15.13+dfsg-0ubuntu1.6) …
Настраивается пакет ubuntu-advantage-tools (31.2.2~22.04) …
Обрабатываются триггеры для dbus (1.12.20-2ubuntu4.1) …
Обрабатываются триггеры для install-info (6.8-4build1) …
Обрабатываются триггеры для mailcap (3.70+nmu1ubuntu1) …
Обрабатываются триггеры для desktop-file-utils (0.26-1ubuntu3) …
Обрабатываются триггеры для hicolor-icon-theme (0.17-2) …
Обрабатываются триггеры для gnome-menus (3.36.0-1ubuntu3) …
Обрабатываются триггеры для libglib2.0-0:amd64 (2.72.4-0ubuntu2.2) …
Обрабатываются триггеры для libc-bin (2.35-0ubuntu3.7) …
Обрабатываются триггеры для man-db (2.10.2-1) …
Настраивается пакет libmutter-10-0:amd64 (42.9-0ubuntu7) …
Настраивается пакет gir1.2-mutter-10:amd64 (42.9-0ubuntu7) …
Обрабатываются триггеры для libc-bin (2.35-0ubuntu3.7) …
bodi@bodi:~$ sudo apt install ufw
Чтение списков пакетов… Готово
Построение дерева зависимостей… Готово
Чтение информации о состоянии… Готово         
Уже установлен пакет ufw самой новой версии (0.36.1-4ubuntu0.1).
Обновлено 0 пакетов, установлено 0 новых пакетов, для удаления отмечено 0 пакетов, и 3 пакетов не обновлено.
bodi@bodi:~$ sudo ufw app list
Доступные приложения:
  CUPS
bodi@bodi:~$ sudo ufw allow OpenSSH
ERROR: Не найдено профилей соответствующих «OpenSSH»
bodi@bodi:~$ sudo apt-get install ssh
Чтение списков пакетов… Готово
Построение дерева зависимостей… Готово
Чтение информации о состоянии… Готово         
Будут установлены следующие дополнительные пакеты:
  ncurses-term openssh-server openssh-sftp-server ssh-import-id
Предлагаемые пакеты:
  molly-guard monkeysphere ssh-askpass
Следующие НОВЫЕ пакеты будут установлены:
  ncurses-term openssh-server openssh-sftp-server ssh ssh-import-id
Обновлено 0 пакетов, установлено 5 новых пакетов, для удаления отмечено 0 пакетов, и 3 пакетов не обновлено.
Необходимо скачать 757 kB архивов.
После данной операции объём занятого дискового пространства возрастёт на 6 184 kB.
Хотите продолжить? [Д/н] y
Пол:1 http://ru.archive.ubuntu.com/ubuntu jammy-updates/main amd64 openssh-sftp-server amd64 1:8.9p1-3ubuntu0.7 [38,9 kB]
Пол:2 http://ru.archive.ubuntu.com/ubuntu jammy-updates/main amd64 openssh-server amd64 1:8.9p1-3ubuntu0.7 [435 kB]
Пол:3 http://ru.archive.ubuntu.com/ubuntu jammy-updates/main amd64 ssh all 1:8.9p1-3ubuntu0.7 [4 840 B]
Пол:4 http://ru.archive.ubuntu.com/ubuntu jammy-updates/main amd64 ncurses-term all 6.3-2ubuntu0.1 [267 kB]
Пол:5 http://ru.archive.ubuntu.com/ubuntu jammy/main amd64 ssh-import-id all 5.11-0ubuntu1 [10,1 kB]
Получено 757 kB за 0с (2 116 kB/s)         
Предварительная настройка пакетов …
Выбор ранее не выбранного пакета openssh-sftp-server.
(Чтение базы данных … на данный момент установлен 243791 файл и каталог.)
Подготовка к распаковке …/openssh-sftp-server_1%3a8.9p1-3ubuntu0.7_amd64.deb …
Распаковывается openssh-sftp-server (1:8.9p1-3ubuntu0.7) …
Выбор ранее не выбранного пакета openssh-server.
Подготовка к распаковке …/openssh-server_1%3a8.9p1-3ubuntu0.7_amd64.deb …
Распаковывается openssh-server (1:8.9p1-3ubuntu0.7) …
Выбор ранее не выбранного пакета ssh.
Подготовка к распаковке …/ssh_1%3a8.9p1-3ubuntu0.7_all.deb …
Распаковывается ssh (1:8.9p1-3ubuntu0.7) …
Выбор ранее не выбранного пакета ncurses-term.
Подготовка к распаковке …/ncurses-term_6.3-2ubuntu0.1_all.deb …
Распаковывается ncurses-term (6.3-2ubuntu0.1) …
Выбор ранее не выбранного пакета ssh-import-id.
Подготовка к распаковке …/ssh-import-id_5.11-0ubuntu1_all.deb …
Распаковывается ssh-import-id (5.11-0ubuntu1) …
Настраивается пакет openssh-sftp-server (1:8.9p1-3ubuntu0.7) …
Настраивается пакет openssh-server (1:8.9p1-3ubuntu0.7) …

Creating config file /etc/ssh/sshd_config with new version
Creating SSH2 RSA key; this may take some time ...
3072 SHA256:asJl9lds4YbVO8TbUaX624i2JCRkKgG7wDy2G/8wvvA root@bodi (RSA)
Creating SSH2 ECDSA key; this may take some time ...
256 SHA256:C6Bs8BM2a1jyyyIs0Dr/y+qP3BAsTS8IImkN9u55URs root@bodi (ECDSA)
Creating SSH2 ED25519 key; this may take some time ...
256 SHA256:9BG98Vl7cBS+Q3jzBE+kCikKu6Z43hvBM5qE/b4BIaM root@bodi (ED25519)
Created symlink /etc/systemd/system/sshd.service → /lib/systemd/system/ssh.service.
Created symlink /etc/systemd/system/multi-user.target.wants/ssh.service → /lib/systemd/system/ssh.service.
rescue-ssh.target is a disabled or a static unit, not starting it.
ssh.socket is a disabled or a static unit, not starting it.
Настраивается пакет ssh-import-id (5.11-0ubuntu1) …
Настраивается пакет ncurses-term (6.3-2ubuntu0.1) …
Настраивается пакет ssh (1:8.9p1-3ubuntu0.7) …
Обрабатываются триггеры для man-db (2.10.2-1) …
Обрабатываются триггеры для ufw (0.36.1-4ubuntu0.1) …
bodi@bodi:~$ sudo ufw allow OpenSSH
Правила обновлены
Правила обновлены (v6)
bodi@bodi:~$ sudo ufw app list
Доступные приложения:
  CUPS
  OpenSSH
bodi@bodi:~$ sudo ufw enable
Межсетевой экран включён и будет запускаться при запуске системы
bodi@bodi:~$ sudo ufw status
Состояние: активен

В                          Действие    Из
-                          --------    --
OpenSSH                    ALLOW       Anywhere                  
OpenSSH (v6)               ALLOW       Anywhere (v6)             

bodi@bodi:~$ sudo apt install mysql-server
Чтение списков пакетов… Готово
Построение дерева зависимостей… Готово
Чтение информации о состоянии… Готово         
Уже установлен пакет mysql-server самой новой версии (8.0.36-1ubuntu22.04).
Обновлено 0 пакетов, установлено 0 новых пакетов, для удаления отмечено 0 пакетов, и 3 пакетов не обновлено.
bodi@bodi:~$ sudo systemctl start mysql
Job for mysql.service failed because the control process exited with error code.
See "systemctl status mysql.service" and "journalctl -xeu mysql.service" for details.
bodi@bodi:~$ ^C
bodi@bodi:~$ sudo systemctl status mysql
× mysql.service - MySQL Community Server
     Loaded: loaded (/lib/systemd/system/mysql.service; enabled; vendor preset: enabled)
     Active: failed (Result: exit-code) since Thu 2024-04-25 23:57:27 EET; 54s ago
       Docs: man:mysqld(8)
             http://dev.mysql.com/doc/refman/en/using-systemd.html
    Process: 42816 ExecStartPre=/usr/share/mysql-8.0/mysql-systemd-start pre (code=exited, status=0/SUCCESS)
    Process: 42855 ExecStart=/usr/sbin/mysqld (code=exited, status=1/FAILURE)
   Main PID: 42855 (code=exited, status=1/FAILURE)
     Status: "Server shutdown complete"
      Error: 98 (Адрес уже используется)
        CPU: 659ms

апр 25 23:57:24 bodi systemd[1]: Starting MySQL Community Server...
апр 25 23:57:27 bodi systemd[1]: mysql.service: Main process exited, code=exited, status=1/FAILURE
апр 25 23:57:27 bodi systemd[1]: mysql.service: Failed with result 'exit-code'.
апр 25 23:57:27 bodi systemd[1]: Failed to start MySQL Community Server.
bodi@bodi:~$ sudo systemctl restart mysql
Job for mysql.service failed because the control process exited with error code.
See "systemctl status mysql.service" and "journalctl -xeu mysql.service" for details.
bodi@bodi:~$ $ sudo netstat -tlpn | grep "mysql"
$: команда не найдена
bodi@bodi:~$ $ sudo netstat -tlpn
$: команда не найдена
bodi@bodi:~$ systemctl status mysql.service
× mysql.service - MySQL Community Server
     Loaded: loaded (/lib/systemd/system/mysql.service; enabled; vendor preset: enabled)
     Active: failed (Result: exit-code) since Thu 2024-04-25 23:59:03 EET; 2min 54s ago
       Docs: man:mysqld(8)
             http://dev.mysql.com/doc/refman/en/using-systemd.html
    Process: 42944 ExecStartPre=/usr/share/mysql-8.0/mysql-systemd-start pre (code=exited, status=0/SUCCESS)
    Process: 42983 ExecStart=/usr/sbin/mysqld (code=exited, status=1/FAILURE)
   Main PID: 42983 (code=exited, status=1/FAILURE)
     Status: "Server shutdown complete"
      Error: 98 (Адрес уже используется)
        CPU: 609ms
bodi@bodi:~$ ps aux | grep mysqld
vboxadd     2728  0.4  3.9 2302864 397956 ?      Ssl  апр25   0:20 mysqld
bodi       43239  0.0  0.0   9564  2560 pts/0    S+   00:02   0:00 grep --color=auto mysqld
bodi@bodi:~$ ps aux | grep mysql
vboxadd     2728  0.4  3.9 2302864 397956 ?      Ssl  апр25   0:20 mysqld
bodi       43250  0.0  0.0   9564  2560 pts/0    S+   00:03   0:00 grep --color=auto mysql
bodi@bodi:~$ kill -s 9 2728
bash: kill: (2728) - Операция не позволена
bodi@bodi:~$ sudo kill -s 9 2728
bodi@bodi:~$ ps aux | grep mysqld
vboxadd    43348  4.0  3.9 2302864 398056 ?      Ssl  00:03   0:00 mysqld
bodi       43535  0.0  0.0   9432  2560 pts/0    R+   00:04   0:00 grep --color=auto mysqld
bodi@bodi:~$ sudo kill -s 43348~ 

Использование:
 kill [параметры] <pid> [...]

Параметры:
 <pid> [...]            send signal to every <pid> listed
 -<signal>, -s, --signal <signal>
                        specify the <signal> to be sent
 -q, --queue <value>    integer value to be sent with the signal
 -l, --list=[<signal>]  list all signal names, or convert one to a name
 -L, --table            вывести имена всех сигналов в виде аккуратной таблицы

 -h, --help     вывести эту справку и выйти
 -V, --version  вывести информацию и выйти

Подробнее смотрите kill(1).
bodi@bodi:~$ sudo kill -s 43348 

Использование:
 kill [параметры] <pid> [...]

Параметры:
 <pid> [...]            send signal to every <pid> listed
 -<signal>, -s, --signal <signal>
                        specify the <signal> to be sent
 -q, --queue <value>    integer value to be sent with the signal
 -l, --list=[<signal>]  list all signal names, or convert one to a name
 -L, --table            вывести имена всех сигналов в виде аккуратной таблицы

 -h, --help     вывести эту справку и выйти
 -V, --version  вывести информацию и выйти

Подробнее смотрите kill(1).
bodi@bodi:~$ ps aux | grep mysqld
vboxadd    43348  1.6  3.9 2302864 398056 ?      Ssl  00:03   0:00 mysqld
bodi       43694  0.0  0.0   9432  2560 pts/0    S+   00:04   0:00 grep --color=auto mysqld
bodi@bodi:~$ sudo kill -s 9 43348 
bodi@bodi:~$ ps aux | grep mysqld
vboxadd    43781 27.5  3.9 2040720 397532 ?      Ssl  00:04   0:00 mysqld
bodi       43934  0.0  0.0   9432  2560 pts/0    S+   00:04   0:00 grep --color=auto mysqld
bodi@bodi:~$ /usr/sbin/mysqld --wsrep-new-cluster --user=root &
[1] 43957
bodi@bodi:~$ 2024-04-25T22:05:26.992402Z 0 [Warning] [MY-010091] [Server] Can't create test file /var/lib/mysql/mysqld_tmp_file_case_insensitive_test.lower-test
2024-04-25T22:05:26.992453Z 0 [System] [MY-010116] [Server] /usr/sbin/mysqld (mysqld 8.0.36) starting as process 43957
2024-04-25T22:05:26.998125Z 0 [Warning] [MY-010091] [Server] Can't create test file /var/lib/mysql/mysqld_tmp_file_case_insensitive_test.lower-test
2024-04-25T22:05:26.998132Z 0 [Warning] [MY-010159] [Server] Setting lower_case_table_names=2 because file system for /var/lib/mysql/ is case insensitive
2024-04-25T22:05:26.998262Z 0 [Warning] [MY-010122] [Server] One can only use the --user switch if running as root
2024-04-25T22:05:26.998273Z 0 [ERROR] [MY-013276] [Server] Failed to set datadir to '/var/lib/mysql/' (OS errno: 13 - Permission denied)
2024-04-25T22:05:26.998340Z 0 [ERROR] [MY-010119] [Server] Aborting
2024-04-25T22:05:26.998481Z 0 [System] [MY-010910] [Server] /usr/sbin/mysqld: Shutdown complete (mysqld 8.0.36)  MySQL Community Server - GPL.
/usr/sbin/mysps aux | grep mysql
vboxadd    43781  1.4  3.9 2302864 398300 ?      Ssl  00:04   0:00 mysqld
bodi       43963  0.0  0.0   9432  2560 pts/0    S+   00:05   0:00 grep --color=auto mysql
[1]+  Выход 1            /usr/sbin/mysqld --wsrep-new-cluster --user=root
bodi@bodi:~$ ps aux | grep mysql
vboxadd    43781  1.3  3.9 2302864 398300 ?      Ssl  00:04   0:00 mysqld
bodi       43972  0.0  0.0   9432  2560 pts/0    S+   00:05   0:00 grep --color=auto mysql
bodi@bodi:~$ sudo systemctl status mysql
× mysql.service - MySQL Community Server
     Loaded: loaded (/lib/systemd/system/mysql.service; enabled; vendor preset: enabled)
     Active: failed (Result: exit-code) since Thu 2024-04-25 23:59:03 EET; 7min ago
       Docs: man:mysqld(8)
             http://dev.mysql.com/doc/refman/en/using-systemd.html
   Main PID: 42983 (code=exited, status=1/FAILURE)
     Status: "Server shutdown complete"
        CPU: 609ms

апр 25 23:59:01 bodi systemd[1]: Starting MySQL Community Server...
апр 25 23:59:03 bodi systemd[1]: mysql.service: Main process exited, code=exited, status=1/FAILURE
апр 25 23:59:03 bodi systemd[1]: mysql.service: Failed with result 'exit-code'.
апр 25 23:59:03 bodi systemd[1]: Failed to start MySQL Community Server.
bodi@bodi:~$ sudo service mysql stop
bodi@bodi:~$ sudo systemctl status mysql
× mysql.service - MySQL Community Server
     Loaded: loaded (/lib/systemd/system/mysql.service; enabled; vendor preset: enabled)
     Active: failed (Result: exit-code) since Thu 2024-04-25 23:59:03 EET; 8min ago
       Docs: man:mysqld(8)
             http://dev.mysql.com/doc/refman/en/using-systemd.html
   Main PID: 42983 (code=exited, status=1/FAILURE)
     Status: "Server shutdown complete"
        CPU: 609ms

апр 25 23:59:01 bodi systemd[1]: Starting MySQL Community Server...
апр 25 23:59:03 bodi systemd[1]: mysql.service: Main process exited, code=exited, status=1/FAILURE
апр 25 23:59:03 bodi systemd[1]: mysql.service: Failed with result 'exit-code'.
апр 25 23:59:03 bodi systemd[1]: Failed to start MySQL Community Server.
bodi@bodi:~$ mysql --version
mysql  Ver 8.0.36 for Linux on x86_64 (MySQL Community Server - GPL)
bodi@bodi:~$ systemctl status mysql
× mysql.service - MySQL Community Server
     Loaded: loaded (/lib/systemd/system/mysql.service; enabled; vendor preset: enabled)
     Active: failed (Result: exit-code) since Thu 2024-04-25 23:59:03 EET; 10min ago
       Docs: man:mysqld(8)
             http://dev.mysql.com/doc/refman/en/using-systemd.html
   Main PID: 42983 (code=exited, status=1/FAILURE)
     Status: "Server shutdown complete"
        CPU: 609ms
bodi@bodi:~$ sudo systemctl restart mysql
Job for mysql.service failed because the control process exited with error code.
See "systemctl status mysql.service" and "journalctl -xeu mysql.service" for details.
bodi@bodi:~$ sudo mysql_secure_installation

Securing the MySQL server deployment.

Enter password for user root: 
Error: Can't connect to local MySQL server through socket '/var/run/mysqld/mysqld.sock' (2)
bodi@bodi:~$ /var/log/mysql/error.log
bash: /var/log/mysql/error.log: Отказано в доступе
bodi@bodi:~$ sudo /var/log/mysql/error.log
sudo: /var/log/mysql/error.log: команда не найдена
bodi@bodi:~$ sudo /var/log/mysql/error.log
sudo: /var/log/mysql/error.log: команда не найдена
bodi@bodi:~$ cd /var/log/mysql/error.log
bash: cd: /var/log/mysql/error.log: Отказано в доступе
bodi@bodi:~$ sudo cd /var/log/mysql/error.log
sudo: cd: команда не найдена
sudo: «cd» — встроенная команда оболочки, она не может быть запущена напрямую.
sudo: параметр -s может использоваться для запуска привилегированной оболочки.
sudo: параметр -D может использоваться для выполнения команды в определенном каталоге.
bodi@bodi:~$ cd sudo /var/log/mysql/error.log
bash: cd: слишком много аргументов
bodi@bodi:~$ /var
bash: /var: Это каталог
bodi@bodi:~$ cd /var
bodi@bodi:/var$ cd /log
bash: cd: /log: Нет такого файла или каталога
bodi@bodi:/var$ ll
итого 56
drwxr-xr-x 14 root root     4096 фев 20 21:27 ./
drwxr-xr-x 20 root root     4096 мар 23 22:37 ../
drwxr-xr-x  2 root root     4096 апр 26 00:00 backups/
drwxr-xr-x 18 root root     4096 апр 25 23:53 cache/
drwxrwsrwt  2 root whoopsie 4096 апр 25 23:46 crash/
drwxr-xr-x 73 root root     4096 апр 25 23:45 lib/
drwxrwsr-x  2 root staff    4096 апр 18  2022 local/
lrwxrwxrwx  1 root root        9 мар 23 22:36 lock -> /run/lock/
drwxrwxr-x 14 root syslog   4096 апр 26 00:00 log/
drwxrwsr-x  2 root mail     4096 фев 20 21:22 mail/
drwxrwsrwt  2 root whoopsie 4096 фев 20 21:24 metrics/
drwxr-xr-x  2 root root     4096 фев 20 21:22 opt/
lrwxrwxrwx  1 root root        4 мар 23 22:36 run -> /run/
drwxr-xr-x 11 root root     4096 мар 23 23:30 snap/
drwxr-xr-x  7 root root     4096 фев 20 21:23 spool/
drwxrwxrwt 12 root root     4096 апр 26 00:00 tmp/
bodi@bodi:/var$ cd log
bodi@bodi:/var/log$ cd mysql
bash: cd: mysql: Отказано в доступе
bodi@bodi:/var/log$ ll
итого 5800
drwxrwxr-x  14 root              syslog             4096 апр 26 00:00 ./
drwxr-xr-x  14 root              root               4096 фев 20 21:27 ../
-rw-r--r--   1 root              root               1945 апр 25 23:53 alternatives.log
-rw-r--r--   1 root              root              32291 мар 23 23:04 alternatives.log.1
drwxr-xr-x   2 root              root               4096 апр 25 23:55 apt/
-rw-r-----   1 syslog            adm               21177 апр 26 00:10 auth.log
-rw-r-----   1 syslog            adm               36350 апр 25 22:46 auth.log.1
-rw-------   1 root              root                  0 апр 26 00:00 boot.log
-rw-------   1 root              root               2421 апр 26 00:00 boot.log.1
-rw-------   1 root              root               8070 апр 25 22:46 boot.log.2
-rw-------   1 root              root              64049 мар 25 00:00 boot.log.3
-rw-r--r--   1 root              root             108494 фев 20 21:22 bootstrap.log
-rw-rw----   1 root              utmp                  0 апр 25 22:46 btmp
-rw-rw----   1 root              utmp                  0 фев 20 21:22 btmp.1
drwxr-xr-x   2 root              root               4096 апр 26 00:00 cups/
drwxr-xr-x   2 root              root               4096 фев 13 15:47 dist-upgrade/
-rw-r-----   1 root              adm               49073 апр 25 22:46 dmesg
-rw-r-----   1 root              adm               49163 мар 24 23:59 dmesg.0
-rw-r-----   1 root              adm               14481 мар 24 23:15 dmesg.1.gz
-rw-r-----   1 root              adm               14362 мар 23 23:26 dmesg.2.gz
-rw-r-----   1 root              adm               14506 мар 23 23:17 dmesg.3.gz
-rw-r-----   1 root              adm               14287 мар 23 23:09 dmesg.4.gz
-rw-r--r--   1 root              root              97836 апр 25 23:55 dpkg.log
-rw-r--r--   1 root              root            1105334 мар 23 23:04 dpkg.log.1
-rw-r--r--   1 root              root              32032 апр 25 23:55 faillog
-rw-r--r--   1 root              root              11056 мар 23 22:38 fontconfig.log
drwx--x--x   2 root              gdm                4096 мар 23 22:40 gdm3/
-rw-r--r--   1 root              root               1296 апр 25 22:46 gpu-manager.log
drwxr-xr-x   3 root              root               4096 фев 20 21:23 hp/
drwxrwxr-x   2 root              root               4096 мар 23 22:40 installer/
drwxr-sr-x+  3 root              systemd-journal    4096 мар 23 22:40 journal/
-rw-r-----   1 syslog            adm               73809 апр 26 00:10 kern.log
-rw-r-----   1 syslog            adm             1120362 апр 25 22:46 kern.log.1
-rw-rw-r--   1 root              utmp             292292 апр 25 23:55 lastlog
drwxr-x---   2 mysql             adm                4096 апр 25 23:45 mysql/
drwxr-xr-x   2 root              root               4096 сен 30  2023 openvpn/
drwx------   2 root              root               4096 фев 20 21:22 private/
drwx------   2 speech-dispatcher root               4096 мая 23  2023 speech-dispatcher/
-rw-r-----   1 syslog            adm              464803 апр 26 00:10 syslog
-rw-r-----   1 syslog            adm             2359054 апр 25 22:46 syslog.1
-rw-r--r--   1 root              root              17313 апр 25 23:53 ubuntu-advantage.log
-rw-r--r--   1 root              root              24827 мар 24 23:59 ubuntu-advantage.log.1
drwxr-x---   2 root              adm                4096 апр 26 00:00 unattended-upgrades/
-rw-------   1 root              root               1012 мар 23 23:25 vboxadd-install.log
-rw-r--r--   1 root              root               5571 апр 25 23:05 vboxadd-setup.log
-rw-r--r--   1 root              root               5617 апр 25 22:46 vboxadd-setup.log.1
-rw-r--r--   1 root              root               5617 мар 24 23:59 vboxadd-setup.log.2
-rw-r--r--   1 root              root               5617 мар 24 23:15 vboxadd-setup.log.3
-rw-r--r--   1 root              root               3279 мар 23 23:26 vboxadd-setup.log.4
-rw-rw-r--   1 root              root              17531 мар 23 22:40 vboxpostinstall.log
-rw-rw-r--   1 root              utmp              13440 апр 25 22:56 wtmp
bodi@bodi:/var/log$ sudo su
root@bodi:/var/log# cd mysql              
root@bodi:/var/log/mysql# ll
total 16
drwxr-x---  2 mysql adm    4096 апр 25 23:45 ./
drwxrwxr-x 14 root  syslog 4096 апр 26 00:00 ../
-rw-r-----  1 mysql adm    7712 апр 26 00:10 error.log
root@bodi:/var/log/mysql# cat error.log 
2024-04-25T21:45:58.829536Z 0 [System] [MY-013169] [Server] /usr/sbin/mysqld (mysqld 8.0.36) initializing of server in progress as process 38411
2024-04-25T21:45:58.836125Z 1 [System] [MY-013576] [InnoDB] InnoDB initialization has started.
2024-04-25T21:45:59.178667Z 1 [System] [MY-013577] [InnoDB] InnoDB initialization has ended.
2024-04-25T21:46:00.806438Z 6 [Warning] [MY-010453] [Server] root@localhost is created with an empty password ! Please consider switching off the --initialize-insecure option.
2024-04-25T21:46:03.607024Z 0 [System] [MY-010116] [Server] /usr/sbin/mysqld (mysqld 8.0.36) starting as process 38455
2024-04-25T21:46:03.615683Z 1 [System] [MY-013576] [InnoDB] InnoDB initialization has started.
2024-04-25T21:46:03.755430Z 1 [System] [MY-013577] [InnoDB] InnoDB initialization has ended.
2024-04-25T21:46:03.975633Z 0 [Warning] [MY-010068] [Server] CA certificate ca.pem is self signed.
2024-04-25T21:46:03.975658Z 0 [System] [MY-013602] [Server] Channel mysql_main configured to support TLS. Encrypted connections are now supported for this channel.
2024-04-25T21:46:03.979048Z 0 [ERROR] [MY-010262] [Server] Can't start server: Bind on TCP/IP port: Address already in use
2024-04-25T21:46:03.979059Z 0 [ERROR] [MY-010257] [Server] Do you already have another mysqld server running on port: 3306 ?
2024-04-25T21:46:03.979071Z 0 [ERROR] [MY-010119] [Server] Aborting
2024-04-25T21:46:05.538689Z 0 [System] [MY-010910] [Server] /usr/sbin/mysqld: Shutdown complete (mysqld 8.0.36)  MySQL Community Server - GPL.
2024-04-25T21:47:11.056765Z 0 [System] [MY-010116] [Server] /usr/sbin/mysqld (mysqld 8.0.36) starting as process 39195
2024-04-25T21:47:11.063055Z 1 [System] [MY-013576] [InnoDB] InnoDB initialization has started.
2024-04-25T21:47:11.191381Z 1 [System] [MY-013577] [InnoDB] InnoDB initialization has ended.
2024-04-25T21:47:11.329052Z 0 [Warning] [MY-010068] [Server] CA certificate ca.pem is self signed.
2024-04-25T21:47:11.329080Z 0 [System] [MY-013602] [Server] Channel mysql_main configured to support TLS. Encrypted connections are now supported for this channel.
2024-04-25T21:47:11.332896Z 0 [ERROR] [MY-010262] [Server] Can't start server: Bind on TCP/IP port: Address already in use
2024-04-25T21:47:11.332908Z 0 [ERROR] [MY-010257] [Server] Do you already have another mysqld server running on port: 3306 ?
2024-04-25T21:47:11.332949Z 0 [ERROR] [MY-010119] [Server] Aborting
2024-04-25T21:47:12.869939Z 0 [System] [MY-010910] [Server] /usr/sbin/mysqld: Shutdown complete (mysqld 8.0.36)  MySQL Community Server - GPL.
2024-04-25T21:47:13.672143Z 0 [System] [MY-010116] [Server] /usr/sbin/mysqld (mysqld 8.0.36) starting as process 39308
2024-04-25T21:47:13.678044Z 1 [System] [MY-013576] [InnoDB] InnoDB initialization has started.
2024-04-25T21:47:13.778801Z 1 [System] [MY-013577] [InnoDB] InnoDB initialization has ended.
2024-04-25T21:47:13.945058Z 0 [Warning] [MY-010068] [Server] CA certificate ca.pem is self signed.
2024-04-25T21:47:13.945104Z 0 [System] [MY-013602] [Server] Channel mysql_main configured to support TLS. Encrypted connections are now supported for this channel.
2024-04-25T21:47:13.948613Z 0 [ERROR] [MY-010262] [Server] Can't start server: Bind on TCP/IP port: Address already in use
2024-04-25T21:47:13.948625Z 0 [ERROR] [MY-010257] [Server] Do you already have another mysqld server running on port: 3306 ?
2024-04-25T21:47:13.948665Z 0 [ERROR] [MY-010119] [Server] Aborting
2024-04-25T21:47:15.488715Z 0 [System] [MY-010910] [Server] /usr/sbin/mysqld: Shutdown complete (mysqld 8.0.36)  MySQL Community Server - GPL.
2024-04-25T21:50:09.338328Z 0 [System] [MY-010116] [Server] /usr/sbin/mysqld (mysqld 8.0.36) starting as process 39583
2024-04-25T21:50:09.344862Z 1 [System] [MY-013576] [InnoDB] InnoDB initialization has started.
2024-04-25T21:50:09.448863Z 1 [System] [MY-013577] [InnoDB] InnoDB initialization has ended.
2024-04-25T21:50:09.624754Z 0 [Warning] [MY-010068] [Server] CA certificate ca.pem is self signed.
2024-04-25T21:50:09.624785Z 0 [System] [MY-013602] [Server] Channel mysql_main configured to support TLS. Encrypted connections are now supported for this channel.
2024-04-25T21:50:09.628238Z 0 [ERROR] [MY-010262] [Server] Can't start server: Bind on TCP/IP port: Address already in use
2024-04-25T21:50:09.628250Z 0 [ERROR] [MY-010257] [Server] Do you already have another mysqld server running on port: 3306 ?
2024-04-25T21:50:09.628291Z 0 [ERROR] [MY-010119] [Server] Aborting
2024-04-25T21:50:11.166140Z 0 [System] [MY-010910] [Server] /usr/sbin/mysqld: Shutdown complete (mysqld 8.0.36)  MySQL Community Server - GPL.
2024-04-25T21:57:25.119428Z 0 [System] [MY-010116] [Server] /usr/sbin/mysqld (mysqld 8.0.36) starting as process 42855
2024-04-25T21:57:25.124725Z 1 [System] [MY-013576] [InnoDB] InnoDB initialization has started.
2024-04-25T21:57:25.239196Z 1 [System] [MY-013577] [InnoDB] InnoDB initialization has ended.
2024-04-25T21:57:25.417199Z 0 [Warning] [MY-010068] [Server] CA certificate ca.pem is self signed.
2024-04-25T21:57:25.417230Z 0 [System] [MY-013602] [Server] Channel mysql_main configured to support TLS. Encrypted connections are now supported for this channel.
2024-04-25T21:57:25.420909Z 0 [ERROR] [MY-010262] [Server] Can't start server: Bind on TCP/IP port: Address already in use
2024-04-25T21:57:25.420922Z 0 [ERROR] [MY-010257] [Server] Do you already have another mysqld server running on port: 3306 ?
2024-04-25T21:57:25.420951Z 0 [ERROR] [MY-010119] [Server] Aborting
2024-04-25T21:57:26.960459Z 0 [System] [MY-010910] [Server] /usr/sbin/mysqld: Shutdown complete (mysqld 8.0.36)  MySQL Community Server - GPL.
2024-04-25T21:59:01.617678Z 0 [System] [MY-010116] [Server] /usr/sbin/mysqld (mysqld 8.0.36) starting as process 42983
2024-04-25T21:59:01.623380Z 1 [System] [MY-013576] [InnoDB] InnoDB initialization has started.
2024-04-25T21:59:01.722205Z 1 [System] [MY-013577] [InnoDB] InnoDB initialization has ended.
2024-04-25T21:59:01.887663Z 0 [Warning] [MY-010068] [Server] CA certificate ca.pem is self signed.
2024-04-25T21:59:01.887700Z 0 [System] [MY-013602] [Server] Channel mysql_main configured to support TLS. Encrypted connections are now supported for this channel.
2024-04-25T21:59:01.891420Z 0 [ERROR] [MY-010262] [Server] Can't start server: Bind on TCP/IP port: Address already in use
2024-04-25T21:59:01.891434Z 0 [ERROR] [MY-010257] [Server] Do you already have another mysqld server running on port: 3306 ?
2024-04-25T21:59:01.891467Z 0 [ERROR] [MY-010119] [Server] Aborting
2024-04-25T21:59:03.443587Z 0 [System] [MY-010910] [Server] /usr/sbin/mysqld: Shutdown complete (mysqld 8.0.36)  MySQL Community Server - GPL.
2024-04-25T22:10:01.102619Z 0 [System] [MY-010116] [Server] /usr/sbin/mysqld (mysqld 8.0.36) starting as process 44134
2024-04-25T22:10:01.108410Z 1 [System] [MY-013576] [InnoDB] InnoDB initialization has started.
2024-04-25T22:10:01.252729Z 1 [System] [MY-013577] [InnoDB] InnoDB initialization has ended.
2024-04-25T22:10:01.438233Z 0 [Warning] [MY-010068] [Server] CA certificate ca.pem is self signed.
2024-04-25T22:10:01.438266Z 0 [System] [MY-013602] [Server] Channel mysql_main configured to support TLS. Encrypted connections are now supported for this channel.
2024-04-25T22:10:01.441908Z 0 [ERROR] [MY-010262] [Server] Can't start server: Bind on TCP/IP port: Address already in use
2024-04-25T22:10:01.441919Z 0 [ERROR] [MY-010257] [Server] Do you already have another mysqld server running on port: 3306 ?
2024-04-25T22:10:01.441950Z 0 [ERROR] [MY-010119] [Server] Aborting
2024-04-25T22:10:02.984939Z 0 [System] [MY-010910] [Server] /usr/sbin/mysqld: Shutdown complete (mysqld 8.0.36)  MySQL Community Server - GPL.
root@bodi:/var/log/mysql# exit
exit
bodi@bodi:/var/log$ cd
bodi@bodi:~$ netstat
Команда «netstat» не найдена, но может быть установлена с помощью:
sudo apt install net-tools
bodi@bodi:~$ sudo apt intall net-tools
E: Неверная операция intall
bodi@bodi:~$ sudo apt install net-tools
Чтение списков пакетов… Готово
Построение дерева зависимостей… Готово
Чтение информации о состоянии… Готово         
Следующие НОВЫЕ пакеты будут установлены:
  net-tools
Обновлено 0 пакетов, установлено 1 новых пакетов, для удаления отмечено 0 пакетов, и 3 пакетов не обновлено.
Необходимо скачать 204 kB архивов.
После данной операции объём занятого дискового пространства возрастёт на 819 kB.
Пол:1 http://ru.archive.ubuntu.com/ubuntu jammy/main amd64 net-tools amd64 1.60+git20181103.0eebece-1ubuntu5 [204 kB]
Получено 204 kB за 0с (563 kB/s)  
Выбор ранее не выбранного пакета net-tools.
(Чтение базы данных … на данный момент установлен 246671 файл и каталог.)
Подготовка к распаковке …/net-tools_1.60+git20181103.0eebece-1ubuntu5_amd64.deb …
Распаковывается net-tools (1.60+git20181103.0eebece-1ubuntu5) …
Настраивается пакет net-tools (1.60+git20181103.0eebece-1ubuntu5) …
Обрабатываются триггеры для man-db (2.10.2-1) …
bodi@bodi:~$ netstat -tln
Активные соединения с интернетом (only servers)
Proto Recv-Q Send-Q Local Address Foreign Address State      
tcp        0      0 0.0.0.0:6080            0.0.0.0:*               LISTEN     
tcp        0      0 127.0.0.53:53           0.0.0.0:*               LISTEN     
tcp        0      0 127.0.0.1:631           0.0.0.0:*               LISTEN     
tcp        0      0 0.0.0.0:80              0.0.0.0:*               LISTEN     
tcp        0      0 0.0.0.0:22              0.0.0.0:*               LISTEN     
tcp6       0      0 :::6080                 :::*                    LISTEN     
tcp6       0      0 ::1:631                 :::*                    LISTEN     
tcp6       0      0 :::7946                 :::*                    LISTEN     
tcp6       0      0 :::80                   :::*                    LISTEN     
tcp6       0      0 :::22                   :::*                    LISTEN     
tcp6       0      0 :::3306                 :::*                    LISTEN     
tcp6       0      0 :::2377                 :::*                    LISTEN     
bodi@bodi:~$ netstat -tlpn
(Не все процессы были идентифицированы, информация о процессах без владельца
 не будет отображена, вам нужны права суперпользователя (root), чтобы увидеть всю информацию.)
Активные соединения с интернетом (only servers)
Proto Recv-Q Send-Q Local Address Foreign Address State       PID/Program name    
tcp        0      0 0.0.0.0:6080            0.0.0.0:*               LISTEN      -                   
tcp        0      0 127.0.0.53:53           0.0.0.0:*               LISTEN      -                   
tcp        0      0 127.0.0.1:631           0.0.0.0:*               LISTEN      -                   
tcp        0      0 0.0.0.0:80              0.0.0.0:*               LISTEN      -                   
tcp        0      0 0.0.0.0:22              0.0.0.0:*               LISTEN      -                   
tcp6       0      0 :::6080                 :::*                    LISTEN      -                   
tcp6       0      0 ::1:631                 :::*                    LISTEN      -                   
tcp6       0      0 :::7946                 :::*                    LISTEN      -                   
tcp6       0      0 :::80                   :::*                    LISTEN      -                   
tcp6       0      0 :::22                   :::*                    LISTEN      -                   
tcp6       0      0 :::3306                 :::*                    LISTEN      -                   
tcp6       0      0 :::2377                 :::*                    LISTEN      -                   
bodi@bodi:~$ sudo /etc/init.d/mysql restart
sudo: /etc/init.d/mysql: команда не найдена
bodi@bodi:~$ sudo ufw status
Состояние: активен

В                          Действие    Из
-                          --------    --
OpenSSH                    ALLOW       Anywhere                  
OpenSSH (v6)               ALLOW       Anywhere (v6)             

bodi@bodi:~$ sudo ufw allow XXXX/tcp
ERROR: Недопустимый порт
bodi@bodi:~$ sudo ufw allow 3306/tcp
Правило добавлено
Правило добавлено (v6)
bodi@bodi:~$ sudo ufw deny 3306/tcp
Правило обновлено
Правило обновлено (v6)
bodi@bodi:~$ sudo systemctl restart mysql
Job for mysql.service failed because the control process exited with error code.
See "systemctl status mysql.service" and "journalctl -xeu mysql.service" for details.
bodi@bodi:~$ netstat -tlpn
(Не все процессы были идентифицированы, информация о процессах без владельца
 не будет отображена, вам нужны права суперпользователя (root), чтобы увидеть всю информацию.)
Активные соединения с интернетом (only servers)
Proto Recv-Q Send-Q Local Address Foreign Address State       PID/Program name    
tcp        0      0 0.0.0.0:6080            0.0.0.0:*               LISTEN      -                   
tcp        0      0 127.0.0.53:53           0.0.0.0:*               LISTEN      -                   
tcp        0      0 127.0.0.1:631           0.0.0.0:*               LISTEN      -                   
tcp        0      0 0.0.0.0:80              0.0.0.0:*               LISTEN      -                   
tcp        0      0 0.0.0.0:22              0.0.0.0:*               LISTEN      -                   
tcp6       0      0 :::6080                 :::*                    LISTEN      -                   
tcp6       0      0 ::1:631                 :::*                    LISTEN      -                   
tcp6       0      0 :::7946                 :::*                    LISTEN      -                   
tcp6       0      0 :::80                   :::*                    LISTEN      -                   
tcp6       0      0 :::22                   :::*                    LISTEN      -                   
tcp6       0      0 :::3306                 :::*                    LISTEN      -                   
tcp6       0      0 :::2377                 :::*                    LISTEN      -                   
bodi@bodi:~$ sudo netstat -tlpn
Активные соединения с интернетом (only servers)
Proto Recv-Q Send-Q Local Address Foreign Address State       PID/Program name    
tcp        0      0 0.0.0.0:6080            0.0.0.0:*               LISTEN      1918/docker-proxy   
tcp        0      0 127.0.0.53:53           0.0.0.0:*               LISTEN      507/systemd-resolve 
tcp        0      0 127.0.0.1:631           0.0.0.0:*               LISTEN      43109/cupsd         
tcp        0      0 0.0.0.0:80              0.0.0.0:*               LISTEN      1853/docker-proxy   
tcp        0      0 0.0.0.0:22              0.0.0.0:*               LISTEN      42432/sshd: /usr/sb 
tcp6       0      0 :::6080                 :::*                    LISTEN      1932/docker-proxy   
tcp6       0      0 ::1:631                 :::*                    LISTEN      43109/cupsd         
tcp6       0      0 :::7946                 :::*                    LISTEN      1357/dockerd        
tcp6       0      0 :::80                   :::*                    LISTEN      1861/docker-proxy   
tcp6       0      0 :::22                   :::*                    LISTEN      42432/sshd: /usr/sb 
tcp6       0      0 :::3306                 :::*                    LISTEN      1357/dockerd        
tcp6       0      0 :::2377                 :::*                    LISTEN      1357/dockerd        
bodi@bodi:~$ !includedir /etc/mysql/conf.d/
bash: !includedir: event not found
bodi@bodi:~$ /etc/my.cnf
bash: /etc/my.cnf: Нет такого файла или каталога
bodi@bodi:~$ /etc
bash: /etc: Это каталог
bodi@bodi:~$ cd etc
bash: cd: etc: Нет такого файла или каталога
bodi@bodi:~$ cd /etc
bodi@bodi:/etc$ cd mysql
bodi@bodi:/etc/mysql$ ll
итого 32
drwxr-xr-x   4 root root  4096 апр 25 23:45 ./
drwxr-xr-x 131 root root 12288 апр 25 23:55 ../
drwxr-xr-x   2 root root  4096 апр 25 23:45 conf.d/
lrwxrwxrwx   1 root root    24 апр 25 23:45 my.cnf -> /etc/alternatives/my.cnf
-rw-r--r--   1 root root  1448 дек 12 20:42 my.cnf.fallback
-rw-r--r--   1 root root  1476 дек 12 20:42 mysql.cnf
drwxr-xr-x   2 root root  4096 апр 25 23:45 mysql.conf.d/
bodi@bodi:/etc/mysql$ cd my.cnf
bash: cd: my.cnf: Это не каталог
bodi@bodi:/etc/mysql$ cat my.cnf
# Copyright (c) 2015, 2023, Oracle and/or its affiliates.
#
# This program is free software; you can redistribute it and/or modify
# it under the terms of the GNU General Public License, version 2.0,
# as published by the Free Software Foundation.
#
# This program is also distributed with certain software (including
# but not limited to OpenSSL) that is licensed under separate terms,
# as designated in a particular file or component or in included license
# documentation.  The authors of MySQL hereby grant you an additional
# permission to link the program and your derivative works with the
# separately licensed software that they have included with MySQL.
#
# This program is distributed in the hope that it will be useful,
# but WITHOUT ANY WARRANTY; without even the implied warranty of
# MERCHANTABILITY or FITNESS FOR A PARTICULAR PURPOSE.  See the
# GNU General Public License, version 2.0, for more details.
#
# You should have received a copy of the GNU General Public License
# along with this program; if not, write to the Free Software
# Foundation, Inc., 51 Franklin St, Fifth Floor, Boston, MA 02110-1301  USA

#
# The MySQL  Server configuration file.
#
# For explanations see
# http://dev.mysql.com/doc/mysql/en/server-system-variables.html

# * IMPORTANT: Additional settings that can override those from this file!
#   The files must end with '.cnf', otherwise they'll be ignored.
#
!includedir /etc/mysql/conf.d/
!includedir /etc/mysql/mysql.conf.d/
bodi@bodi:/etc/mysql$ nano my.cnf
bodi@bodi:/etc/mysql$ !includedir /etc/mysql/conf.d/
bash: !includedir: event not found
bodi@bodi:/etc/mysql$ sudo nano /etc/mysql/my.cnf
bodi@bodi:/etc/mysql$ sudo systemctl restart mysql
Job for mysql.service failed because the control process exited with error code.
See "systemctl status mysql.service" and "journalctl -xeu mysql.service" for details.
bodi@bodi:/etc/mysql$ nano my.cnf
bodi@bodi:/etc/mysql$ netstat -tlpn
(Не все процессы были идентифицированы, информация о процессах без владельца
 не будет отображена, вам нужны права суперпользователя (root), чтобы увидеть всю информацию.)
Активные соединения с интернетом (only servers)
Proto Recv-Q Send-Q Local Address Foreign Address State       PID/Program name    
tcp        0      0 0.0.0.0:6080            0.0.0.0:*               LISTEN      -                   
tcp        0      0 127.0.0.53:53           0.0.0.0:*               LISTEN      -                   
tcp        0      0 127.0.0.1:631           0.0.0.0:*               LISTEN      -                   
tcp        0      0 0.0.0.0:80              0.0.0.0:*               LISTEN      -                   
tcp        0      0 0.0.0.0:22              0.0.0.0:*               LISTEN      -                   
tcp6       0      0 :::6080                 :::*                    LISTEN      -                   
tcp6       0      0 ::1:631                 :::*                    LISTEN      -                   
tcp6       0      0 :::7946                 :::*                    LISTEN      -                   
tcp6       0      0 :::80                   :::*                    LISTEN      -                   
tcp6       0      0 :::22                   :::*                    LISTEN      -                   
tcp6       0      0 :::3306                 :::*                    LISTEN      -                   
tcp6       0      0 :::2377                 :::*                    LISTEN      -                   
bodi@bodi:/etc/mysql$ nano my.cnf
bodi@bodi:/etc/mysql$ mysqladmin -u root version
mysqladmin: [ERROR] Found option without preceding group in config file /etc/mysql/my.cnf at line 34.
mysqladmin: [ERROR] Fatal error in defaults handling. Program aborted!
bodi@bodi:/etc/mysql$ sudo musql
sudo: musql: команда не найдена
bodi@bodi:/etc/mysql$ sudo mysql
mysql: [ERROR] Found option without preceding group in config file /etc/mysql/my.cnf at line 34.
mysql: [ERROR] Fatal error in defaults handling. Program aborted!
bodi@bodi:/etc/mysql$ nano my.cnf
bodi@bodi:/etc/mysql$ sudo nano my.cnf
bodi@bodi:/etc/mysql$ sudo systemctl restart mysql
Job for mysql.service failed because the control process exited with error code.
See "systemctl status mysql.service" and "journalctl -xeu mysql.service" for details.
bodi@bodi:/etc/mysql$ dpkg -l | grep -i docker
bodi@bodi:/etc/mysql$ sudo systemctl status docker
Unit docker.service could not be found.
bodi@bodi:/etc/mysql$ docker network prune
WARNING! This will remove all custom networks not used by at least one container.
Are you sure you want to continue? [y/N] y
bodi@bodi:/etc/mysql$ cd
bodi@bodi:~$ netstat -tlpn
(Не все процессы были идентифицированы, информация о процессах без владельца
 не будет отображена, вам нужны права суперпользователя (root), чтобы увидеть всю информацию.)
Активные соединения с интернетом (only servers)
Proto Recv-Q Send-Q Local Address Foreign Address State       PID/Program name    
tcp        0      0 0.0.0.0:6080            0.0.0.0:*               LISTEN      -                   
tcp        0      0 127.0.0.53:53           0.0.0.0:*               LISTEN      -                   
tcp        0      0 127.0.0.1:631           0.0.0.0:*               LISTEN      -                   
tcp        0      0 0.0.0.0:80              0.0.0.0:*               LISTEN      -                   
tcp        0      0 0.0.0.0:22              0.0.0.0:*               LISTEN      -                   
tcp6       0      0 :::6080                 :::*                    LISTEN      -                   
tcp6       0      0 ::1:631                 :::*                    LISTEN      -                   
tcp6       0      0 :::7946                 :::*                    LISTEN      -                   
tcp6       0      0 :::80                   :::*                    LISTEN      -                   
tcp6       0      0 :::22                   :::*                    LISTEN      -                   
tcp6       0      0 :::3306                 :::*                    LISTEN      -                   
tcp6       0      0 :::2377                 :::*                    LISTEN      -                   
bodi@bodi:~$ sudo netstat -tlpn
Активные соединения с интернетом (only servers)
Proto Recv-Q Send-Q Local Address Foreign Address State       PID/Program name    
tcp        0      0 0.0.0.0:6080            0.0.0.0:*               LISTEN      1918/docker-proxy   
tcp        0      0 127.0.0.53:53           0.0.0.0:*               LISTEN      507/systemd-resolve 
tcp        0      0 127.0.0.1:631           0.0.0.0:*               LISTEN      43109/cupsd         
tcp        0      0 0.0.0.0:80              0.0.0.0:*               LISTEN      1853/docker-proxy   
tcp        0      0 0.0.0.0:22              0.0.0.0:*               LISTEN      42432/sshd: /usr/sb 
tcp6       0      0 :::6080                 :::*                    LISTEN      1932/docker-proxy   
tcp6       0      0 ::1:631                 :::*                    LISTEN      43109/cupsd         
tcp6       0      0 :::7946                 :::*                    LISTEN      1357/dockerd        
tcp6       0      0 :::80                   :::*                    LISTEN      1861/docker-proxy   
tcp6       0      0 :::22                   :::*                    LISTEN      42432/sshd: /usr/sb 
tcp6       0      0 :::3306                 :::*                    LISTEN      1357/dockerd        
tcp6       0      0 :::2377                 :::*                    LISTEN      1357/dockerd        
bodi@bodi:~$ sudo apt-get autoremove -y --purge docker-engine docker docker.io docker-ce
Чтение списков пакетов… Готово
Построение дерева зависимостей… Готово
Чтение информации о состоянии… Готово         
Пакет «docker-ce» не установлен, поэтому не может быть удалён
E: Невозможно найти пакет docker-engine
bodi@bodi:~$ sudo apt-get purge -y docker-engine docker docker.io docker-ce docker-ce-cli
Чтение списков пакетов… Готово
Построение дерева зависимостей… Готово
Чтение информации о состоянии… Готово         
Пакет «docker-ce» не установлен, поэтому не может быть удалён
E: Невозможно найти пакет docker-engine
E: Невозможно найти пакет docker-ce-cli
bodi@bodi:~$ docker rmi $(docker images -a -q)
Error response from daemon: conflict: unable to delete 2b6c8f50b2b5 (cannot be forced) - image is being used by running container 6c19091b0018
Error response from daemon: conflict: unable to delete 019814493c7a (cannot be forced) - image is being used by running container c5a8dcfe0c0f
Error response from daemon: conflict: unable to delete 933569f3a9f6 (cannot be forced) - image is being used by running container 6d0381836a2b
Error response from daemon: conflict: unable to delete 039bd724508b (cannot be forced) - image is being used by running container 2c566468aad7
bodi@bodi:~$ docker stop $(docker ps -a -q)
2c566468aad7
fd4da4b9e2b3
3f1314e1b3f2
d580f2834049
ec45f819ed3b
9262d40562e5
d2a876054ef6
72b4d43f8978
6d0381836a2b
c5a8dcfe0c0f
6c19091b0018
4e1bc591baf7
bodi@bodi:~$ docker rm $(docker ps -a -q)
2c566468aad7
fd4da4b9e2b3
3f1314e1b3f2
d580f2834049
ec45f819ed3b
9262d40562e5
d2a876054ef6
72b4d43f8978
6d0381836a2b
c5a8dcfe0c0f
6c19091b0018
4e1bc591baf7
Error response from daemon: You cannot remove a running container 2f567b751a2b09612d0c4567ff0a78f6ef2804fac6e1d89852caa563a2e0b8a6. Stop the container before attempting removal or force remove
Error response from daemon: You cannot remove a running container 8182ea212db4fe34dc58e37fc92c3bec74ee5426415974fb7b1d7d59d60ae65a. Stop the container before attempting removal or force remove
Error response from daemon: You cannot remove a running container b1398239de0bce8f2c582c19d54ac23366749e51c090dd8e10ca84b3dc309121. Stop the container before attempting removal or force remove
Error response from daemon: You cannot remove a running container 055fec4358a5ff97c1daae50d341b616071081adf2de0c46f1079b9516a334da. Stop the container before attempting removal or force remove
bodi@bodi:~$ docker system prune -a
WARNING! This will remove:
  - all stopped containers
  - all networks not used by at least one container
  - all images without at least one container associated to them
  - all build cache

Are you sure you want to continue? [y/N] y
Deleted Networks:
task2_default
homework5_default

Deleted Images:
untagged: phpmyadmin/phpmyadmin:latest
untagged: phpmyadmin/phpmyadmin@sha256:67ba2550fd004399ab0b95b64021a88ea544011e566a9a1995180a3decb6410d
deleted: sha256:933569f3a9f631d1867bc512beedf6d6fa25a5b3a2b2638d59fe2d6f18002db9
deleted: sha256:c062055a88d0ea3518803dad689de0fd1c4d0086e69468539775c648d84bf7fe
deleted: sha256:870f0d68a84119de6dc57a04bd3132f43b124abf818ba2a17fa66b41c3dc092f
deleted: sha256:61dc853717e0501da0b9c65f11ae6e127f1ca210762c3082d345057f95253965
deleted: sha256:5424c4cef91d2d09dcff6b97bfad52989c678f24004e7590ed132ba06ae55f33
deleted: sha256:75e4f26595fc2534d25bbf78883def4bdec63a3c149c170cf5dd065d55be532e
deleted: sha256:7ec99bb6c6b4a5175023c7ae70e5db97ef7ed898508c1d7e98fe2418db7bb98e
deleted: sha256:7926251c2e2e130aa77881944cb31fbb37eddf866cc5fa96e5f47377ca287883
deleted: sha256:1580eb456d79472e774e05a83caa4f0d317218412586415cdc7602460cfca8d7
deleted: sha256:467630ccf847f6858149fbe7b6d0b7fa17ae0586a02f6cdfec4dddc9e975175c
deleted: sha256:08710bc0f123cdae237fde29e6186bedc6bcc277b11cd5d7dad0d9b6a3efb770
deleted: sha256:fab16324ce2cbd32748fefcc9b4c6c2d39fc84ec1ee53b9b3f197a9d5dbe223c
deleted: sha256:ba5a9b206a46895d688ae2627889243519232776a6e68d2f2d2c0ef774ad63bc
deleted: sha256:e716f1303e515b9965493c2e76c4e0d5a7d448499f72d83f3e8a1a839e865044
deleted: sha256:7c960c6887bb7153723878976acc63aaf0e78c93994769397adc56df0379f7be
deleted: sha256:758105a8a221456937e20d794c72e88461a6a89eb42f9b1346337fcdc274ca9c
deleted: sha256:c9e443ef1d4319e2aa87ca7875be15c2f601290770936f1fee419d909970d8f9
deleted: sha256:4219c066cd8854aceb2eb63a5f76f86a9a815a9cbca7bb288fd9d9fd5e520ef1
deleted: sha256:24839d45ca455f36659219281e0f2304520b92347eb536ad5cc7b4dbb8163588
untagged: mysql:latest
untagged: mysql@sha256:9d1c923e5f66a89607285ee2641f8a53430a1ccd5e4a62b35eb8a48b74b9ff48
deleted: sha256:019814493c7ab16a057af0399b1288a1208b75ba852b915541840095c0fedfd0
deleted: sha256:2a66a556bad7c58bbaf826c55cc3354a47dc8b68409c58429f9eaaf9b36de271
deleted: sha256:6239c774197fa3717e92ad1a8da1b4701f905db4bc45d1d1f1409b8d96b64595
deleted: sha256:85114563ca1330272d408b81d20399eeec9ea2ddbc0ddacc37f972c115ae1fda
deleted: sha256:2cb936a23222090d81c8c1c0d94fcf1d5d761d050fd1dfa2bc0213f8adbe9236
deleted: sha256:17f0a5c233a212c5dd1b9005e71144a2cd1b125d25020eed5c41a5181f98a456
deleted: sha256:3b4e435387b4c388b1e7d2eb20c8bec41d0b3c54d30311fb27f8332ab321f9e1
deleted: sha256:8787be40457a8e20bcadd90b9af3a4343120df8fb893ea455a769de68acf83da
deleted: sha256:d3d7006381e094f467d049de0a8737e64ef1bf5a6268a9fa4a7d5d87032f28d6
deleted: sha256:9bf9b56cfbd1604a40cfbde1651a4b63f4a250c7ecc23d05a8ece899c8240b2e
deleted: sha256:18a3ada103a9229bc00b549b66ae7caa0bc0eb47e785859d8b1346a254a871d1

Total reclaimed space: 1.194GB
bodi@bodi:~$ $ dpkg -l | grep -i docker
$: команда не найдена
bodi@bodi:~$ sudo apt-get purge docker-ce docker-ce-cli containerd.io
Чтение списков пакетов… Готово
Построение дерева зависимостей… Готово
Чтение информации о состоянии… Готово         
Пакет «docker-ce» не установлен, поэтому не может быть удалён
E: Невозможно найти пакет docker-ce-cli
E: Невозможно найти пакет containerd.io
E: Не удалось найти ни один пакет с помощью шаблона «containerd.io»
E: Не удалось найти ни один пакет с помощью регулярного выражения «containerd.io»
bodi@bodi:~$ sudo rm -rf /var/lib/docker /etc/docker
bodi@bodi:~$ sudo groupdel docker
bodi@bodi:~$ sudo rm -rf /var/run/docker.sock
bodi@bodi:~$ sudo apt-get autoremove
Чтение списков пакетов… Готово
Построение дерева зависимостей… Готово
Чтение информации о состоянии… Готово         
Обновлено 0 пакетов, установлено 0 новых пакетов, для удаления отмечено 0 пакетов, и 3 пакетов не обновлено.
bodi@bodi:~$ docker rmi $(docker images -a -q)
Cannot connect to the Docker daemon at unix:///var/run/docker.sock. Is the docker daemon running?
"docker rmi" requires at least 1 argument.
See 'docker rmi --help'.

Usage:  docker rmi [OPTIONS] IMAGE [IMAGE...]

Remove one or more images
bodi@bodi:~$ sudo netstat -tlpn
Активные соединения с интернетом (only servers)
Proto Recv-Q Send-Q Local Address Foreign Address State       PID/Program name    
tcp        0      0 127.0.0.53:53           0.0.0.0:*               LISTEN      507/systemd-resolve 
tcp        0      0 127.0.0.1:631           0.0.0.0:*               LISTEN      43109/cupsd         
tcp        0      0 0.0.0.0:22              0.0.0.0:*               LISTEN      42432/sshd: /usr/sb 
tcp6       0      0 ::1:631                 :::*                    LISTEN      43109/cupsd         
tcp6       0      0 :::7946                 :::*                    LISTEN      1357/dockerd        
tcp6       0      0 :::22                   :::*                    LISTEN      42432/sshd: /usr/sb 
tcp6       0      0 :::3306                 :::*                    LISTEN      1357/dockerd        
tcp6       0      0 :::2377                 :::*                    LISTEN      1357/dockerd        
bodi@bodi:~$ docker rm $(docker ps -a -f status=exited -q)
Cannot connect to the Docker daemon at unix:///var/run/docker.sock. Is the docker daemon running?
"docker rm" requires at least 1 argument.
See 'docker rm --help'.

Usage:  docker rm [OPTIONS] CONTAINER [CONTAINER...]

Remove one or more containers
bodi@bodi:~$ docker

Usage:  docker [OPTIONS] COMMAND

A self-sufficient runtime for containers

Common Commands:
  run         Create and run a new container from an image
  exec        Execute a command in a running container
  ps          List containers
  build       Build an image from a Dockerfile
  pull        Download an image from a registry
  push        Upload an image to a registry
  images      List images
  login       Log in to a registry
  logout      Log out from a registry
  search      Search Docker Hub for images
  version     Show the Docker version information
  info        Display system-wide information

Management Commands:
  builder     Manage builds
  buildx*     Docker Buildx (Docker Inc., v0.11.2)
  checkpoint  Manage checkpoints
  compose*    Docker Compose (Docker Inc., v2.20.3)
  container   Manage containers
  context     Manage contexts
  image       Manage images
  manifest    Manage Docker image manifests and manifest lists
  network     Manage networks
  plugin      Manage plugins
  system      Manage Docker
  trust       Manage trust on Docker images
  volume      Manage volumes

Swarm Commands:
  config      Manage Swarm configs
  node        Manage Swarm nodes
  secret      Manage Swarm secrets
  service     Manage Swarm services
  stack       Manage Swarm stacks
  swarm       Manage Swarm

Commands:
  attach      Attach local standard input, output, and error streams to a running container
  commit      Create a new image from a container's changes
  cp          Copy files/folders between a container and the local filesystem
  create      Create a new container
  diff        Inspect changes to files or directories on a container's filesystem
  events      Get real time events from the server
  export      Export a container's filesystem as a tar archive
  history     Show the history of an image
  import      Import the contents from a tarball to create a filesystem image
  inspect     Return low-level information on Docker objects
  kill        Kill one or more running containers
  load        Load an image from a tar archive or STDIN
  logs        Fetch the logs of a container
  pause       Pause all processes within one or more containers
  port        List port mappings or a specific mapping for the container
  rename      Rename a container
  restart     Restart one or more containers
  rm          Remove one or more containers
  rmi         Remove one or more images
  save        Save one or more images to a tar archive (streamed to STDOUT by default)
  start       Start one or more stopped containers
  stats       Display a live stream of container(s) resource usage statistics
  stop        Stop one or more running containers
  tag         Create a tag TARGET_IMAGE that refers to SOURCE_IMAGE
  top         Display the running processes of a container
  unpause     Unpause all processes within one or more containers
  update      Update configuration of one or more containers
  wait        Block until one or more containers stop, then print their exit codes

Global Options:
      --config string      Location of client config files (default "/home/bodi/snap/docker/2915/.docker")
  -c, --context string     Name of the context to use to connect to the daemon (overrides DOCKER_HOST env var and default context set with "docker context use")
  -D, --debug              Enable debug mode
  -H, --host list          Daemon socket to connect to
  -l, --log-level string   Set the logging level ("debug", "info", "warn", "error", "fatal") (default "info")
      --tls                Use TLS; implied by --tlsverify
      --tlscacert string   Trust certs signed only by this CA (default "/home/bodi/snap/docker/2915/.docker/ca.pem")
      --tlscert string     Path to TLS certificate file (default "/home/bodi/snap/docker/2915/.docker/cert.pem")
      --tlskey string      Path to TLS key file (default "/home/bodi/snap/docker/2915/.docker/key.pem")
      --tlsverify          Use TLS and verify the remote
  -v, --version            Print version information and quit

Run 'docker COMMAND --help' for more information on a command.

For more help on how to use Docker, head to https://docs.docker.com/go/guides/
bodi@bodi:~$ sudo apt-get purge docker-engine
Чтение списков пакетов… Готово
Построение дерева зависимостей… Готово
Чтение информации о состоянии… Готово         
E: Невозможно найти пакет docker-engine
bodi@bodi:~$ sudo apt-get autoremove --purge docker-engine
Чтение списков пакетов… Готово
Построение дерева зависимостей… Готово
Чтение информации о состоянии… Готово         
E: Невозможно найти пакет docker-engine
bodi@bodi:~$ rm -rf /var/lib/docker
bodi@bodi:~$ sudo rm -rf /var/lib/docker /etc/docker
bodi@bodi:~$ sudo rm /etc/apparmor.d/docker
rm: невозможно удалить '/etc/apparmor.d/docker': Нет такого файла или каталога
bodi@bodi:~$ sudo groupdel docker
groupdel: группа «docker» не существует
bodi@bodi:~$ ~sudo rm -rf /var/run/docker.sock
Команда «~sudo» не найдена. Возможно, вы имели в виду:
  команда 'sudo' из deb-пакета sudo (1.9.9-1ubuntu2.4)
  команда 'sudo' из deb-пакета sudo-ldap (1.9.9-1ubuntu2.4)
Попробуйте: sudo apt install <имя_deb-пакета>
bodi@bodi:~$ sudo rm -rf /var/run/docker.sock
bodi@bodi:~$ sudo rm -rf /var/lib/containerd
bodi@bodi:~$ sudo snap remove docker
2024-04-26T00:42:30+02:00 INFO Waiting for "snap.docker.dockerd.service" to stop.
docker удалён
bodi@bodi:~$ sudo netstat -tlpn
Активные соединения с интернетом (only servers)
Proto Recv-Q Send-Q Local Address Foreign Address State       PID/Program name    
tcp        0      0 127.0.0.53:53           0.0.0.0:*               LISTEN      507/systemd-resolve 
tcp        0      0 127.0.0.1:631           0.0.0.0:*               LISTEN      43109/cupsd         
tcp        0      0 0.0.0.0:22              0.0.0.0:*               LISTEN      42432/sshd: /usr/sb 
tcp6       0      0 ::1:631                 :::*                    LISTEN      43109/cupsd         
tcp6       0      0 :::22                   :::*                    LISTEN      42432/sshd: /usr/sb 
bodi@bodi:~$ sudo systemctl restart mysql
bodi@bodi:~$ sudo systemctl status mysql
● mysql.service - MySQL Community Server
     Loaded: loaded (/lib/systemd/system/mysql.service; enabled; vendor preset: enabled)
     Active: active (running) since Fri 2024-04-26 00:44:20 EET; 52s ago
       Docs: man:mysqld(8)
             http://dev.mysql.com/doc/refman/en/using-systemd.html
    Process: 47582 ExecStartPre=/usr/share/mysql-8.0/mysql-systemd-start pre (code=exited, status=0/SUCCESS)
   Main PID: 47621 (mysqld)
     Status: "Server is operational"
      Tasks: 38 (limit: 11833)
     Memory: 364.5M
        CPU: 812ms
     CGroup: /system.slice/mysql.service
             └─47621 /usr/sbin/mysqld

апр 26 00:44:19 bodi systemd[1]: Starting MySQL Community Server...
апр 26 00:44:20 bodi systemd[1]: Started MySQL Community Server.
bodi@bodi:~$ 
bodi@bodi:~$ wget https://brave-browser-apt-release.s3.brave.com/pool/main/b/brave-browser/brave-browser_1.65.122_amd64.deb
--2024-04-26 00:59:10--  https://brave-browser-apt-release.s3.brave.com/pool/main/b/brave-browser/brave-browser_1.65.122_amd64.deb
Распознаётся brave-browser-apt-release.s3.brave.com (brave-browser-apt-release.s3.brave.com)… 13.33.243.27, 13.33.243.12, 13.33.243.63, ...
Подключение к brave-browser-apt-release.s3.brave.com (brave-browser-apt-release.s3.brave.com)|13.33.243.27|:443... соединение установлено.
HTTP-запрос отправлен. Ожидание ответа… 200 OK
Длина: 116169260 (111M) [binary/octet-stream]
Сохранение в: ‘brave-browser_1.65.122_amd64.deb’

brave-browser_1.65.122_amd64.deb                   100%[================================================================================================================>] 110,79M  61,7MB/s    за 1,8s    

2024-04-26 00:59:13 (61,7 MB/s) - ‘brave-browser_1.65.122_amd64.deb’ сохранён [116169260/116169260]

bodi@bodi:~$ ls -l *.deb
-rw-rw-r-- 1 bodi bodi 116169260 апр 25 03:21 brave-browser_1.65.122_amd64.deb
-rw-rw-r-- 1 bodi bodi     18172 дек 15 07:20 mysql-apt-config_0.8.29-1_all.deb
bodi@bodi:~$ sudo dpkg - i brave-browser_1.65.122_amd64.deb
[sudo] пароль для bodi: 
dpkg: ошибка: укажите требуемое действие

Справка по установке и удалению пакетов доступна по команде dpkg --help [*];
Программа «apt» или «aptitude» предоставляет дружественный интерфейс
управления пакетами;
Чтобы получить список значений флагов отладки dpkg, введите dpkg -Dhelp;
Чтобы получить информацию об игнорировании проблем, введите dpkg --force-help;
Чтобы получить справку по работе с файлами *.deb, введите dpkg-deb --help;

Команды, отмеченные [*], выводят большое количество информации.
Объедините их в конвейер с программами «less» или «more»!
bodi@bodi:~$ sudo dpkg - i brave-browser_1.65.122_amd64.deb
dpkg: ошибка: укажите требуемое действие

Справка по установке и удалению пакетов доступна по команде dpkg --help [*];
Программа «apt» или «aptitude» предоставляет дружественный интерфейс
управления пакетами;
Чтобы получить список значений флагов отладки dpkg, введите dpkg -Dhelp;
Чтобы получить информацию об игнорировании проблем, введите dpkg --force-help;
Чтобы получить справку по работе с файлами *.deb, введите dpkg-deb --help;

Команды, отмеченные [*], выводят большое количество информации.
Объедините их в конвейер с программами «less» или «more»!
bodi@bodi:~$ sudo dpkg -i brave-browser_1.65.122_amd64.deb
Выбор ранее не выбранного пакета brave-browser.
(Чтение базы данных … на данный момент установлено 246720 файлов и каталогов.)
Подготовка к распаковке brave-browser_1.65.122_amd64.deb …
Распаковывается brave-browser (1.65.122) …
dpkg: зависимости пакетов не позволяют настроить пакет brave-browser:
 brave-browser зависит от brave-keyring, однако:
  Пакет brave-keyring не установлен.

dpkg: ошибка при обработке пакета brave-browser (--install):
 проблемы зависимостей — оставляем не настроенным
Обрабатываются триггеры для mailcap (3.70+nmu1ubuntu1) …
Обрабатываются триггеры для gnome-menus (3.36.0-1ubuntu3) …
Обрабатываются триггеры для desktop-file-utils (0.26-1ubuntu3) …
Обрабатываются триггеры для man-db (2.10.2-1) …
При обработке следующих пакетов произошли ошибки:
 brave-browser
bodi@bodi:~$ wget https://brave-browser-apt-release.s3.brave.com/pool/main/b/brave-keyring/brave-keyring_1.9-1.deb
--2024-04-26 01:03:20--  https://brave-browser-apt-release.s3.brave.com/pool/main/b/brave-keyring/brave-keyring_1.9-1.deb
Распознаётся brave-browser-apt-release.s3.brave.com (brave-browser-apt-release.s3.brave.com)… 13.32.27.88, 13.32.27.18, 13.32.27.61, ...
Подключение к brave-browser-apt-release.s3.brave.com (brave-browser-apt-release.s3.brave.com)|13.32.27.88|:443... соединение установлено.
HTTP-запрос отправлен. Ожидание ответа… 200 OK
Длина: 5044 (4,9K) [binary/octet-stream]
Сохранение в: ‘brave-keyring_1.9-1.deb’

brave-keyring_1.9-1.deb                            100%[================================================================================================================>]   4,93K  --.-KB/s    за 0s      

2024-04-26 01:03:21 (1,23 GB/s) - ‘brave-keyring_1.9-1.deb’ сохранён [5044/5044]

bodi@bodi:~$ ls -l *.deb
-rw-rw-r-- 1 bodi bodi 116169260 апр 25 03:21 brave-browser_1.65.122_amd64.deb
-rw-rw-r-- 1 bodi bodi      5044 янв 18  2020 brave-keyring_1.9-1.deb
-rw-rw-r-- 1 bodi bodi     18172 дек 15 07:20 mysql-apt-config_0.8.29-1_all.deb
bodi@bodi:~$ sudo dpkg -i brave-keyring_1.9-1.deb
Выбор ранее не выбранного пакета brave-keyring.
(Чтение базы данных … на данный момент установлено 246940 файлов и каталогов.)
Подготовка к распаковке brave-keyring_1.9-1.deb …
Распаковывается brave-keyring (1.9) …
Настраивается пакет brave-keyring (1.9) …
OK
bodi@bodi:~$ sudo dpkg -i brave-browser_1.65.122_amd64.deb
(Чтение базы данных … на данный момент установлено 246942 файла и каталога.)
Подготовка к распаковке brave-browser_1.65.122_amd64.deb …
Распаковывается brave-browser (1.65.122) на замену (1.65.122) …
Настраивается пакет brave-browser (1.65.122) …
update-alternatives: используется /usr/bin/brave-browser-stable для предоставления /usr/bin/x-www-browser (x-www-browser) в автоматическом режиме
update-alternatives: используется /usr/bin/brave-browser-stable для предоставления /usr/bin/gnome-www-browser (gnome-www-browser) в автоматическом режиме
update-alternatives: используется /usr/bin/brave-browser-stable для предоставления /usr/bin/brave-browser (brave-browser) в автоматическом режиме
Обрабатываются триггеры для mailcap (3.70+nmu1ubuntu1) …
Обрабатываются триггеры для gnome-menus (3.36.0-1ubuntu3) …
Обрабатываются триггеры для desktop-file-utils (0.26-1ubuntu3) …
Обрабатываются триггеры для man-db (2.10.2-1) …
bodi@bodi:~$ sudo systemctl status brave
Unit brave.service could not be found.
bodi@bodi:~$ sudo systemctl status brave-browser
Unit brave-browser.service could not be found.
bodi@bodi:~$ systemctl list-units --type service
  UNIT                                                  LOAD   ACTIVE SUB     DESCRIPTION                                                     
  accounts-daemon.service                               loaded active running Accounts Service
  acpid.service                                         loaded active running ACPI event daemon
  alsa-restore.service                                  loaded active exited  Save/Restore Sound Card State
  apparmor.service                                      loaded active exited  Load AppArmor profiles
  apport.service                                        loaded active exited  LSB: automatic crash report generation
  avahi-daemon.service                                  loaded active running Avahi mDNS/DNS-SD Stack
  colord.service                                        loaded active running Manage, Install and Generate Color Profiles
  console-setup.service                                 loaded active exited  Set console font and keymap
  cron.service                                          loaded active running Regular background program processing daemon
  cups-browsed.service                                  loaded active running Make remote CUPS printers available locally
  cups.service                                          loaded active running CUPS Scheduler
  dbus.service                                          loaded active running D-Bus System Message Bus
  fwupd.service                                         loaded active running Firmware update daemon
  gdm.service                                           loaded active running GNOME Display Manager
  irqbalance.service                                    loaded active running irqbalance daemon
  kerneloops.service                                    loaded active running Tool to automatically collect and submit kernel crash signatures
  keyboard-setup.service                                loaded active exited  Set the console keyboard layout
  kmod-static-nodes.service                             loaded active exited  Create List of Static Device Nodes
  ModemManager.service                                  loaded active running Modem Manager
  mysql.service                                         loaded active running MySQL Community Server
  networkd-dispatcher.service                           loaded active running Dispatcher daemon for systemd-networkd
  NetworkManager-wait-online.service                    loaded active exited  Network Manager Wait Online
  NetworkManager.service                                loaded active running Network Manager
  openvpn.service                                       loaded active exited  OpenVPN service
  packagekit.service                                    loaded active running PackageKit Daemon
  plymouth-quit-wait.service                            loaded active exited  Hold until boot process finishes up
  plymouth-read-write.service                           loaded active exited  Tell Plymouth To Write Out Runtime Data
  plymouth-start.service                                loaded active exited  Show Plymouth Boot Screen
  polkit.service                                        loaded active running Authorization Manager
  power-profiles-daemon.service                         loaded active running Power Profiles daemon
  rsyslog.service                                       loaded active running System Logging Service
  rtkit-daemon.service                                  loaded active running RealtimeKit Scheduling Policy Service
  setvtrgb.service                                      loaded active exited  Set console scheme
  snapd.apparmor.service                                loaded active exited  Load AppArmor profiles managed internally by snapd
  snapd.seeded.service                                  loaded active exited  Wait until snapd is fully seeded
  snapd.service                                         loaded active running Snap Daemon
  ssh.service                                           loaded active running OpenBSD Secure Shell server
  switcheroo-control.service                            loaded active running Switcheroo Control Proxy service
  systemd-binfmt.service                                loaded active exited  Set Up Additional Binary Formats
  systemd-fsck@dev-disk-by\x2duuid-D076\x2d9DEC.service loaded active exited  File System Check on /dev/disk/by-uuid/D076-9DEC
  systemd-journal-flush.service                         loaded active exited  Flush Journal to Persistent Storage
  systemd-journald.service                              loaded active running Journal Service
  systemd-logind.service                                loaded active running User Login Management
  systemd-modules-load.service                          loaded active exited  Load Kernel Modules
  systemd-oomd.service                                  loaded active running Userspace Out-Of-Memory (OOM) Killer
  systemd-random-seed.service                           loaded active exited  Load/Save Random Seed
  systemd-remount-fs.service                            loaded active exited  Remount Root and Kernel File Systems
  systemd-resolved.service                              loaded active running Network Name Resolution
  systemd-sysctl.service                                loaded active exited  Apply Kernel Variables
  systemd-sysusers.service                              loaded active exited  Create System Users
  systemd-tmpfiles-setup-dev.service                    loaded active exited  Create Static Device Nodes in /dev
  systemd-tmpfiles-setup.service                        loaded active exited  Create Volatile Files and Directories
  systemd-udev-trigger.service                          loaded active exited  Coldplug All udev Devices
 ESCOD























































  UNIT                                                  LOAD   ACTIVE SUB     DESCRIPTION                                                     
  accounts-daemon.service                               loaded active running Accounts Service
  acpid.service                                         loaded active running ACPI event daemon
  alsa-restore.service                                  loaded active exited  Save/Restore Sound Card State
  apparmor.service                                      loaded active exited  Load AppArmor profiles
  apport.service                                        loaded active exited  LSB: automatic crash report generation
  avahi-daemon.service                                  loaded active running Avahi mDNS/DNS-SD Stack
  colord.service                                        loaded active running Manage, Install and Generate Color Profiles
  console-setup.service                                 loaded active exited  Set console font and keymap
  cron.service                                          loaded active running Regular background program processing daemon
  cups-browsed.service                                  loaded active running Make remote CUPS printers available locally
  cups.service                                          loaded active running CUPS Scheduler
  dbus.service                                          loaded active running D-Bus System Message Bus
  fwupd.service                                         loaded active running Firmware update daemon
  gdm.service                                           loaded active running GNOME Display Manager
  irqbalance.service                                    loaded active running irqbalance daemon
  kerneloops.service                                    loaded active running Tool to automatically collect and submit kernel crash signatures
  keyboard-setup.service                                loaded active exited  Set the console keyboard layout
  kmod-static-nodes.service                             loaded active exited  Create List of Static Device Nodes
  ModemManager.service                                  loaded active running Modem Manager
  mysql.service                                         loaded active running MySQL Community Server
  networkd-dispatcher.service                           loaded active running Dispatcher daemon for systemd-networkd
  NetworkManager-wait-online.service                    loaded active exited  Network Manager Wait Online
  NetworkManager.service                                loaded active running Network Manager
  openvpn.service                                       loaded active exited  OpenVPN service
  packagekit.service                                    loaded active running PackageKit Daemon
  plymouth-quit-wait.service                            loaded active exited  Hold until boot process finishes up
  plymouth-read-write.service                           loaded active exited  Tell Plymouth To Write Out Runtime Data
  plymouth-start.service                                loaded active exited  Show Plymouth Boot Screen
  polkit.service                                        loaded active running Authorization Manager
  power-profiles-daemon.service                         loaded active running Power Profiles daemon
  rsyslog.service                                       loaded active running System Logging Service
  rtkit-daemon.service                                  loaded active running RealtimeKit Scheduling Policy Service
  setvtrgb.service                                      loaded active exited  Set console scheme
  snapd.apparmor.service                                loaded active exited  Load AppArmor profiles managed internally by snapd
  snapd.seeded.service                                  loaded active exited  Wait until snapd is fully seeded
  snapd.service                                         loaded active running Snap Daemon
  ssh.service                                           loaded active running OpenBSD Secure Shell server
  switcheroo-control.service                            loaded active running Switcheroo Control Proxy service
  systemd-binfmt.service                                loaded active exited  Set Up Additional Binary Formats
  systemd-fsck@dev-disk-by\x2duuid-D076\x2d9DEC.service loaded active exited  File System Check on /dev/disk/by-uuid/D076-9DEC
  systemd-journal-flush.service                         loaded active exited  Flush Journal to Persistent Storage
  systemd-journald.service                              loaded active running Journal Service
  systemd-logind.service                                loaded active running User Login Management
  systemd-modules-load.service                          loaded active exited  Load Kernel Modules
  systemd-oomd.service                                  loaded active running Userspace Out-Of-Memory (OOM) Killer
  systemd-random-seed.service                           loaded active exited  Load/Save Random Seed
  systemd-remount-fs.service                            loaded active exited  Remount Root and Kernel File Systems
  systemd-resolved.service                              loaded active running Network Name Resolution
  systemd-sysctl.service                                loaded active exited  Apply Kernel Variables
  systemd-sysusers.service                              loaded active exited  Create System Users
  systemd-tmpfiles-setup-dev.service                    loaded active exited  Create Static Device Nodes in /dev
  systemd-tmpfiles-setup.service                        loaded active exited  Create Volatile Files and Directories
  systemd-udev-trigger.service                          loaded active exited  Coldplug All udev Devices
  systemd-udevd.service                                 loaded active running Rule-based Manager for Device Events and Files
 ESCOC


State

ort generation

rate Color Profiles
map
am processing daemon
s available locally





llect and submit kernel crash signatures
 layout
vice Nodes


stemd-networkd
ine



finishes up
ut Runtime Data
n



olicy Service

anaged internally by snapd
y seeded

ver
 service
 Formats
v/disk/by-uuid/D076-9DEC
ent Storage



(OOM) Killer

File Systems



es in /dev
d Directories
s
evice Events and Files
 ESCOD
  accounts-daemon.service                               loaded active running Accounts Service
  acpid.service                                         loaded active running ACPI event daemon
  alsa-restore.service                                  loaded active exited  Save/Restore Sound Card State
  apparmor.service                                      loaded active exited  Load AppArmor profiles
  apport.service                                        loaded active exited  LSB: automatic crash report generation
  avahi-daemon.service                                  loaded active running Avahi mDNS/DNS-SD Stack
  colord.service                                        loaded active running Manage, Install and Generate Color Profiles
  console-setup.service                                 loaded active exited  Set console font and keymap
  cron.service                                          loaded active running Regular background program processing daemon
  cups-browsed.service                                  loaded active running Make remote CUPS printers available locally
  cups.service                                          loaded active running CUPS Scheduler
  dbus.service                                          loaded active running D-Bus System Message Bus
  fwupd.service                                         loaded active running Firmware update daemon
  gdm.service                                           loaded active running GNOME Display Manager
  irqbalance.service                                    loaded active running irqbalance daemon
  kerneloops.service                                    loaded active running Tool to automatically collect and submit kernel crash signatures
  keyboard-setup.service                                loaded active exited  Set the console keyboard layout
  kmod-static-nodes.service                             loaded active exited  Create List of Static Device Nodes
  kmod-static-nodes.service                             loaded active exited  Create List of Static Device Nodes
  keyboard-setup.service                                loaded active exited  Set the console keyboard layout
  kmod-static-nodes.service                             loaded active exited  Create List of Static Device Nodes
  UNIT                                                  LOAD   ACTIVE SUB     DESCRIPTION                                                     
  accounts-daemon.service                               loaded active running Accounts Service
  acpid.service                                         loaded active running ACPI event daemon
  alsa-restore.service                                  loaded active exited  Save/Restore Sound Card State
  apparmor.service                                      loaded active exited  Load AppArmor profiles
  apport.service                                        loaded active exited  LSB: automatic crash report generation
  avahi-daemon.service                                  loaded active running Avahi mDNS/DNS-SD Stack
  colord.service                                        loaded active running Manage, Install and Generate Color Profiles
  console-setup.service                                 loaded active exited  Set console font and keymap
  cron.service                                          loaded active running Regular background program processing daemon
  cups-browsed.service                                  loaded active running Make remote CUPS printers available locally
  cups.service                                          loaded active running CUPS Scheduler
  dbus.service                                          loaded active running D-Bus System Message Bus
  fwupd.service                                         loaded active running Firmware update daemon
  gdm.service                                           loaded active running GNOME Display Manager
  irqbalance.service                                    loaded active running irqbalance daemon
  kerneloops.service                                    loaded active running Tool to automatically collect and submit kernel crash signatures
  keyboard-setup.service                                loaded active exited  Set the console keyboard layout
  kmod-static-nodes.service                             loaded active exited  Create List of Static Device Nodes
  ModemManager.service                                  loaded active running Modem Manager
  mysql.service                                         loaded active running MySQL Community Server
  networkd-dispatcher.service                           loaded active running Dispatcher daemon for systemd-networkd
  NetworkManager-wait-online.service                    loaded active exited  Network Manager Wait Online
  NetworkManager.service                                loaded active running Network Manager
  openvpn.service                                       loaded active exited  OpenVPN service
  packagekit.service                                    loaded active running PackageKit Daemon
  plymouth-quit-wait.service                            loaded active exited  Hold until boot process finishes up
  plymouth-read-write.service                           loaded active exited  Tell Plymouth To Write Out Runtime Data
  plymouth-start.service                                loaded active exited  Show Plymouth Boot Screen
  polkit.service                                        loaded active running Authorization Manager
  power-profiles-daemon.service                         loaded active running Power Profiles daemon
  rsyslog.service                                       loaded active running System Logging Service
  rtkit-daemon.service                                  loaded active running RealtimeKit Scheduling Policy Service
  setvtrgb.service                                      loaded active exited  Set console scheme
  snapd.apparmor.service                                loaded active exited  Load AppArmor profiles managed internally by snapd
  snapd.seeded.service                                  loaded active exited  Wait until snapd is fully seeded
  snapd.service                                         loaded active running Snap Daemon
  ssh.service                                           loaded active running OpenBSD Secure Shell server
  switcheroo-control.service                            loaded active running Switcheroo Control Proxy service
  systemd-binfmt.service                                loaded active exited  Set Up Additional Binary Formats
  systemd-fsck@dev-disk-by\x2duuid-D076\x2d9DEC.service loaded active exited  File System Check on /dev/disk/by-uuid/D076-9DEC
  systemd-journal-flush.service                         loaded active exited  Flush Journal to Persistent Storage
  systemd-journald.service                              loaded active running Journal Service
  systemd-logind.service                                loaded active running User Login Management
  systemd-modules-load.service                          loaded active exited  Load Kernel Modules
  systemd-oomd.service                                  loaded active running Userspace Out-Of-Memory (OOM) Killer
  systemd-random-seed.service                           loaded active exited  Load/Save Random Seed
  systemd-remount-fs.service                            loaded active exited  Remount Root and Kernel File Systems
  systemd-resolved.service                              loaded active running Network Name Resolution
  systemd-sysctl.service                                loaded active exited  Apply Kernel Variables
  systemd-sysusers.service                              loaded active exited  Create System Users
  systemd-tmpfiles-setup-dev.service                    loaded active exited  Create Static Device Nodes in /dev
  systemd-tmpfiles-setup.service                        loaded active exited  Create Volatile Files and Directories
  systemd-udev-trigger.service                          loaded active exited  Coldplug All udev Devices
lines 1-54/73 76%
bodi@bodi:~$ ^C
bodi@bodi:~$ ^C
bodi@bodi:~$ sudo systemctl status brave-browser
Unit brave-browser.service could not be found.
bodi@bodi:~$ cd
bodi@bodi:~$ cd etc
bash: cd: etc: Нет такого файла или каталога
bodi@bodi:~$ cd /etc
bodi@bodi:/etc$ cd apt
bodi@bodi:/etc/apt$ ls
apt.conf.d  auth.conf.d  keyrings  preferences.d  sources.list  sources.list.d  trusted.gpg.d
bodi@bodi:/etc/apt$ cd sources.list.d/
bodi@bodi:/etc/apt/sources.list.d$ ls
mysql.list
bodi@bodi:/etc/apt/sources.list.d$ cd
bodi@bodi:~$ dpkg -l brave
dpkg-query: шаблону brave не соответствует ни один пакет
bodi@bodi:~$ sudo dpkg -r brave
dpkg: предупреждение: игнорируется запрос на удаление неустановленного пакета brave
bodi@bodi:~$ ls -l *.deb
-rw-rw-r-- 1 bodi bodi 116169260 апр 25 03:21 brave-browser_1.65.122_amd64.deb
-rw-rw-r-- 1 bodi bodi      5044 янв 18  2020 brave-keyring_1.9-1.deb
-rw-rw-r-- 1 bodi bodi     18172 дек 15 07:20 mysql-apt-config_0.8.29-1_all.deb
bodi@bodi:~$ sudo dpkg -r 
dpkg: ошибка: --remove требует указания хотя бы одного имени пакета

Справка по установке и удалению пакетов доступна по команде dpkg --help [*];
Программа «apt» или «aptitude» предоставляет дружественный интерфейс
управления пакетами;
Чтобы получить список значений флагов отладки dpkg, введите dpkg -Dhelp;
Чтобы получить информацию об игнорировании проблем, введите dpkg --force-help;
Чтобы получить справку по работе с файлами *.deb, введите dpkg-deb --help;

Команды, отмеченные [*], выводят большое количество информации.
Объедините их в конвейер с программами «less» или «more»!
bodi@bodi:~$ sudo dpkg -r brave-keyring_1.9-1.deb
dpkg: ошибка: пакеты задаются их собственными именами, а не именами файлов, из которых они установлены

Справка по установке и удалению пакетов доступна по команде dpkg --help [*];
Программа «apt» или «aptitude» предоставляет дружественный интерфейс
управления пакетами;
Чтобы получить список значений флагов отладки dpkg, введите dpkg -Dhelp;
Чтобы получить информацию об игнорировании проблем, введите dpkg --force-help;
Чтобы получить справку по работе с файлами *.deb, введите dpkg-deb --help;

Команды, отмеченные [*], выводят большое количество информации.
Объедините их в конвейер с программами «less» или «more»!
bodi@bodi:~$ dpkg -l
Желаемый=неизвестно[u]/установить[i]/удалить[r]/вычистить[p]/зафиксировать[h]
| Состояние=не[n]/установлен[i]/настроен[c]/распакован[U]/частично настроен[F]/
            частично установлен[H]/trig-aWait/Trig-pend
|/ Ошибка?=(нет)/требуется переустановка[R] (верхний регистр
в полях состояния и ошибки указывает на ненормальную ситуацию)
||/ Имя                                        Версия                                  Архитектура  Описание
+++-==========================================-=======================================-============-================================================================================
ii  accountsservice                            22.07.5-2ubuntu1.5                      amd64        query and manipulate user account information
ii  acl                                        2.3.1-1                                 amd64        access control list - utilities
ii  acpi-support                               0.144                                   amd64        scripts for handling many ACPI events
ii  acpid                                      1:2.0.33-1ubuntu1                       amd64        Advanced Configuration and Power Interface event daemon
ii  adduser                                    3.118ubuntu5                            all          add and remove users and groups
ii  adwaita-icon-theme                         41.0-1ubuntu1                           all          default icon theme of GNOME (small subset)
ii  aisleriot                                  1:3.22.22-1                             amd64        GNOME solitaire card game collection
ii  alsa-base                                  1.0.25+dfsg-0ubuntu7                    all          ALSA driver configuration files
ii  alsa-topology-conf                         1.2.5.1-2                               all          ALSA topology configuration files
ii  alsa-ucm-conf                              1.2.6.3-1ubuntu1.11                     all          ALSA Use Case Manager configuration files
ii  alsa-utils                                 1.2.6-1ubuntu1                          amd64        Utilities for configuring and using ALSA
ii  amd64-microcode                            3.20191218.1ubuntu2.2                   amd64        Processor microcode firmware for AMD CPUs
ii  anacron                                    2.3-31ubuntu2                           amd64        cron-like program that doesn't go by time
ii  apg                                        2.2.3.dfsg.1-5build2                    amd64        Automated Password Generator - Standalone version
ii  apparmor                                   3.0.4-2ubuntu2.3                        amd64        user-space parser utility for AppArmor
ii  apport                                     2.20.11-0ubuntu82.5                     all          automatically generate crash reports for debugging
ii  apport-gtk                                 2.20.11-0ubuntu82.5                     all          GTK+ frontend for the apport crash report system
ii  apport-symptoms                            0.24                                    all          symptom scripts for apport
ii  appstream                                  0.15.2-2                                amd64        Software component metadata management
ii  apt                                        2.4.12                                  amd64        commandline package manager
ii  apt-config-icons                           0.15.2-2                                all          APT configuration snippet to enable icon downloads
ii  apt-config-icons-hidpi                     0.15.2-2                                all          APT configuration snippet to enable HiDPI icon downloads
ii  apt-utils                                  2.4.12                                  amd64        package management related utility programs
ii  aptdaemon                                  1.1.1+bzr982-0ubuntu39                  all          transaction based package management service
ii  aptdaemon-data                             1.1.1+bzr982-0ubuntu39                  all          data files for clients
ii  apturl                                     0.5.2ubuntu22                           amd64        install packages using the apt protocol - GTK+ frontend
ii  apturl-common                              0.5.2ubuntu22                           amd64        install packages using the apt protocol - common data
ii  aspell                                     0.60.8-4build1                          amd64        GNU Aspell spell-checker
ii  aspell-en                                  2018.04.16-0-1                          all          English dictionary for GNU Aspell
ii  at-spi2-core                               2.44.0-3                                amd64        Assistive Technology Service Provider Interface (dbus core)
ii  avahi-autoipd                              0.8-5ubuntu5.2                          amd64        Avahi IPv4LL network address configuration daemon
ii  avahi-daemon                               0.8-5ubuntu5.2                          amd64        Avahi mDNS/DNS-SD daemon
ii  avahi-utils                                0.8-5ubuntu5.2                          amd64        Avahi browsing, publishing and discovery utilities
ii  baobab                                     41.0-2                                  amd64        GNOME disk usage analyzer
ii  base-files                                 12ubuntu4.6                             amd64        Debian base system miscellaneous files
ii  base-passwd                                3.5.52build1                            amd64        Debian base system master password and group files
ii  bash                                       5.1-6ubuntu1.1                          amd64        GNU Bourne Again SHell
ii  bash-completion                            1:2.11-5ubuntu1                         all          programmable completion for the bash shell
ii  bc                                         1.07.1-3build1                          amd64        GNU bc arbitrary precision calculator language
ii  bind9-dnsutils                             1:9.18.18-0ubuntu0.22.04.2              amd64        Clients provided with BIND 9
ii  bind9-host                                 1:9.18.18-0ubuntu0.22.04.2              amd64        DNS Lookup Utility
ii  bind9-libs:amd64                           1:9.18.18-0ubuntu0.22.04.2              amd64        Shared Libraries used by BIND 9
ii  binutils                                   2.38-4ubuntu2.6                         amd64        GNU assembler, linker and binary utilities
ii  binutils-common:amd64                      2.38-4ubuntu2.6                         amd64        Common files for the GNU assembler, linker and binary utilities
ii  binutils-x86-64-linux-gnu                  2.38-4ubuntu2.6                         amd64        GNU binary utilities, for x86-64-linux-gnu target
ii  bluez                                      5.64-0ubuntu1.1                         amd64        Bluetooth tools and daemons
ii  bluez-cups                                 5.64-0ubuntu1.1                         amd64        Bluetooth printer driver for CUPS
 ESCOD























































Желаемый=неизвестно[u]/установить[i]/удалить[r]/вычистить[p]/зафиксировать[h]
| Состояние=не[n]/установлен[i]/настроен[c]/распакован[U]/частично настроен[F]/
            частично установлен[H]/trig-aWait/Trig-pend
|/ Ошибка?=(нет)/требуется переустановка[R] (верхний регистр
в полях состояния и ошибки указывает на ненормальную ситуацию)
||/ Имя                                        Версия                                  Архитектура  Описание
+++-==========================================-=======================================-============-================================================================================
ii  accountsservice                            22.07.5-2ubuntu1.5                      amd64        query and manipulate user account information
ii  acl                                        2.3.1-1                                 amd64        access control list - utilities
ii  acpi-support                               0.144                                   amd64        scripts for handling many ACPI events
ii  acpid                                      1:2.0.33-1ubuntu1                       amd64        Advanced Configuration and Power Interface event daemon
ii  adduser                                    3.118ubuntu5                            all          add and remove users and groups
ii  adwaita-icon-theme                         41.0-1ubuntu1                           all          default icon theme of GNOME (small subset)
ii  aisleriot                                  1:3.22.22-1                             amd64        GNOME solitaire card game collection
ii  alsa-base                                  1.0.25+dfsg-0ubuntu7                    all          ALSA driver configuration files
ii  alsa-topology-conf                         1.2.5.1-2                               all          ALSA topology configuration files
ii  alsa-ucm-conf                              1.2.6.3-1ubuntu1.11                     all          ALSA Use Case Manager configuration files
ii  alsa-utils                                 1.2.6-1ubuntu1                          amd64        Utilities for configuring and using ALSA
ii  amd64-microcode                            3.20191218.1ubuntu2.2                   amd64        Processor microcode firmware for AMD CPUs
ii  anacron                                    2.3-31ubuntu2                           amd64        cron-like program that doesn't go by time
ii  apg                                        2.2.3.dfsg.1-5build2                    amd64        Automated Password Generator - Standalone version
ii  apparmor                                   3.0.4-2ubuntu2.3                        amd64        user-space parser utility for AppArmor
ii  apport                                     2.20.11-0ubuntu82.5                     all          automatically generate crash reports for debugging
ii  apport-gtk                                 2.20.11-0ubuntu82.5                     all          GTK+ frontend for the apport crash report system
ii  apport-symptoms                            0.24                                    all          symptom scripts for apport
ii  appstream                                  0.15.2-2                                amd64        Software component metadata management
ii  apt                                        2.4.12                                  amd64        commandline package manager
ii  apt-config-icons                           0.15.2-2                                all          APT configuration snippet to enable icon downloads
ii  apt-config-icons-hidpi                     0.15.2-2                                all          APT configuration snippet to enable HiDPI icon downloads
ii  apt-utils                                  2.4.12                                  amd64        package management related utility programs
ii  aptdaemon                                  1.1.1+bzr982-0ubuntu39                  all          transaction based package management service
ii  aptdaemon-data                             1.1.1+bzr982-0ubuntu39                  all          data files for clients
ii  apturl                                     0.5.2ubuntu22                           amd64        install packages using the apt protocol - GTK+ frontend
ii  apturl-common                              0.5.2ubuntu22                           amd64        install packages using the apt protocol - common data
ii  aspell                                     0.60.8-4build1                          amd64        GNU Aspell spell-checker
ii  aspell-en                                  2018.04.16-0-1                          all          English dictionary for GNU Aspell
ii  at-spi2-core                               2.44.0-3                                amd64        Assistive Technology Service Provider Interface (dbus core)
ii  avahi-autoipd                              0.8-5ubuntu5.2                          amd64        Avahi IPv4LL network address configuration daemon
ii  avahi-daemon                               0.8-5ubuntu5.2                          amd64        Avahi mDNS/DNS-SD daemon
ii  avahi-utils                                0.8-5ubuntu5.2                          amd64        Avahi browsing, publishing and discovery utilities
ii  baobab                                     41.0-2                                  amd64        GNOME disk usage analyzer
ii  base-files                                 12ubuntu4.6                             amd64        Debian base system miscellaneous files
ii  base-passwd                                3.5.52build1                            amd64        Debian base system master password and group files
ii  bash                                       5.1-6ubuntu1.1                          amd64        GNU Bourne Again SHell
ii  bash-completion                            1:2.11-5ubuntu1                         all          programmable completion for the bash shell
ii  bc                                         1.07.1-3build1                          amd64        GNU bc arbitrary precision calculator language
ii  bind9-dnsutils                             1:9.18.18-0ubuntu0.22.04.2              amd64        Clients provided with BIND 9
ii  bind9-host                                 1:9.18.18-0ubuntu0.22.04.2              amd64        DNS Lookup Utility
ii  bind9-libs:amd64                           1:9.18.18-0ubuntu0.22.04.2              amd64        Shared Libraries used by BIND 9
ii  binutils                                   2.38-4ubuntu2.6                         amd64        GNU assembler, linker and binary utilities
ii  binutils-common:amd64                      2.38-4ubuntu2.6                         amd64        Common files for the GNU assembler, linker and binary utilities
ii  binutils-x86-64-linux-gnu                  2.38-4ubuntu2.6                         amd64        GNU binary utilities, for x86-64-linux-gnu target
ii  bluez                                      5.64-0ubuntu1.1                         amd64        Bluetooth tools and daemons
ii  bluez-cups                                 5.64-0ubuntu1.1                         amd64        Bluetooth printer driver for CUPS
ii  bluez-obexd                                5.64-0ubuntu1.1                         amd64        bluez obex daemon
ii  bolt                                       0.9.2-1                                 amd64        system daemon to manage thunderbolt 3 devices
ii  branding-ubuntu                            0.10                                    all          Replacement artwork with Ubuntu branding
ii  brave-browser                              1.65.122                                amd64        The web browser from Brave
ii  brave-keyring                              1.9                                     all          Brave Browser keyring and repository files
ii  brltty                                     6.4-4ubuntu3                            amd64        Access software for a blind person using a braille display
ii  bsdextrautils                              2.37.2-4ubuntu3.4                       amd64        extra utilities from 4.4BSD-Lite
ii  bsdutils                                   1:2.37.2-4ubuntu3.4                     amd64        basic utilities from 4.4BSD-Lite
ii  bubblewrap                                 0.6.1-1                                 amd64        utility for unprivileged chroot and namespace manipulation
lines 10-63
bodi@bodi:~$ 
ii  acpi-support                               0.144                                   amd64        scripts for handling many ACPI events
ii  acpid                                      1:2.0.33-1ubuntu1                       amd64        Advanced Configuration and Power Interface event daemon
ii  adduser                                    3.118ubuntu5                            all          add and remove users and groups
ii  adwaita-icon-theme                         41.0-1ubuntu1                           all          default icon theme of GNOME (small subset)
ii  aisleriot                                  1:3.22.22-1                             amd64        GNOME solitaire card game collection
ii  alsa-base                                  1.0.25+dfsg-0ubuntu7                    all          ALSA driver configuration files
ii  alsa-topology-conf                         1.2.5.1-2                               all          ALSA topology configuration files
ii  alsa-ucm-conf                              1.2.6.3-1ubuntu1.11                     all          ALSA Use Case Manager configuration files
ii  alsa-utils                                 1.2.6-1ubuntu1                          amd64        Utilities for configuring and using ALSA
ii  amd64-microcode                            3.20191218.1ubuntu2.2                   amd64        Processor microcode firmware for AMD CPUs
ii  anacron                                    2.3-31ubuntu2                           amd64        cron-like program that doesn't go by time
ii  apg                                        2.2.3.dfsg.1-5build2                    amd64        Automated Password Generator - Standalone version
ii  apparmor                                   3.0.4-2ubuntu2.3                        amd64        user-space parser utility for AppArmor
ii  apport                                     2.20.11-0ubuntu82.5                     all          automatically generate crash reports for debugging
ii  apport-gtk                                 2.20.11-0ubuntu82.5                     all          GTK+ frontend for the apport crash report system
ii  apport-symptoms                            0.24                                    all          symptom scripts for apport
ii  appstream                                  0.15.2-2                                amd64        Software component metadata management
ii  apt                                        2.4.12                                  amd64        commandline package manager
ii  apt-config-icons                           0.15.2-2                                all          APT configuration snippet to enable icon downloads
ii  apt-config-icons-hidpi                     0.15.2-2                                all          APT configuration snippet to enable HiDPI icon downloads
ii  apt-utils                                  2.4.12                                  amd64        package management related utility programs
ii  aptdaemon                                  1.1.1+bzr982-0ubuntu39                  all          transaction based package management service
ii  aptdaemon-data                             1.1.1+bzr982-0ubuntu39                  all          data files for clients
ii  apturl                                     0.5.2ubuntu22                           amd64        install packages using the apt protocol - GTK+ frontend
ii  apturl-common                              0.5.2ubuntu22                           amd64        install packages using the apt protocol - common data
ii  aspell                                     0.60.8-4build1                          amd64        GNU Aspell spell-checker
ii  aspell-en                                  2018.04.16-0-1                          all          English dictionary for GNU Aspell
ii  at-spi2-core                               2.44.0-3                                amd64        Assistive Technology Service Provider Interface (dbus core)
ii  avahi-autoipd                              0.8-5ubuntu5.2                          amd64        Avahi IPv4LL network address configuration daemon
ii  avahi-daemon                               0.8-5ubuntu5.2                          amd64        Avahi mDNS/DNS-SD daemon
ii  avahi-utils                                0.8-5ubuntu5.2                          amd64        Avahi browsing, publishing and discovery utilities
ii  baobab                                     41.0-2                                  amd64        GNOME disk usage analyzer
ii  base-files                                 12ubuntu4.6                             amd64        Debian base system miscellaneous files
ii  base-passwd                                3.5.52build1                            amd64        Debian base system master password and group files
ii  bash                                       5.1-6ubuntu1.1                          amd64        GNU Bourne Again SHell
ii  bash-completion                            1:2.11-5ubuntu1                         all          programmable completion for the bash shell
ii  bc                                         1.07.1-3build1                          amd64        GNU bc arbitrary precision calculator language
ii  bind9-dnsutils                             1:9.18.18-0ubuntu0.22.04.2              amd64        Clients provided with BIND 9
ii  bind9-host                                 1:9.18.18-0ubuntu0.22.04.2              amd64        DNS Lookup Utility
ii  bind9-libs:amd64                           1:9.18.18-0ubuntu0.22.04.2              amd64        Shared Libraries used by BIND 9
ii  binutils                                   2.38-4ubuntu2.6                         amd64        GNU assembler, linker and binary utilities
ii  binutils-common:amd64                      2.38-4ubuntu2.6                         amd64        Common files for the GNU assembler, linker and binary utilities
ii  binutils-x86-64-linux-gnu                  2.38-4ubuntu2.6                         amd64        GNU binary utilities, for x86-64-linux-gnu target
ii  bluez                                      5.64-0ubuntu1.1                         amd64        Bluetooth tools and daemons
ii  bluez-cups                                 5.64-0ubuntu1.1                         amd64        Bluetooth printer driver for CUPS
ii  bluez-obexd                                5.64-0ubuntu1.1                         amd64        bluez obex daemon
ii  bolt                                       0.9.2-1                                 amd64        system daemon to manage thunderbolt 3 devices
ii  branding-ubuntu                            0.10                                    all          Replacement artwork with Ubuntu branding
ii  brave-browser                              1.65.122                                amd64        The web browser from Brave
ii  brave-keyring                              1.9                                     all          Brave Browser keyring and repository files
ii  brltty                                     6.4-4ubuntu3                            amd64        Access software for a blind person using a braille display
ii  bsdextrautils                              2.37.2-4ubuntu3.4                       amd64        extra utilities from 4.4BSD-Lite
ii  bsdutils                                   1:2.37.2-4ubuntu3.4                     amd64        basic utilities from 4.4BSD-Lite
ii  bubblewrap                                 0.6.1-1                                 amd64        utility for unprivileged chroot and namespace manipulation
^C
bodi@bodi:~$ sudo dpkg -r brave-browser
(Чтение базы данных … на данный момент установлено 246942 файла и каталога.)
Удаляется brave-browser (1.65.122) …
update-alternatives: используется /usr/bin/firefox для предоставления /usr/bin/x-www-browser (x-www-browser) в автоматическом режиме
update-alternatives: используется /usr/bin/firefox для предоставления /usr/bin/gnome-www-browser (gnome-www-browser) в автоматическом режиме
Обрабатываются триггеры для man-db (2.10.2-1) …
Обрабатываются триггеры для mailcap (3.70+nmu1ubuntu1) …
Обрабатываются триггеры для gnome-menus (3.36.0-1ubuntu3) …
Обрабатываются триггеры для desktop-file-utils (0.26-1ubuntu3) …
bodi@bodi:~$ sudo dpkg -r brave-keyring
(Чтение базы данных … на данный момент установлено 246723 файла и каталога.)
Удаляется brave-keyring (1.9) …
